D/InputEventConsistencyVerifier(  610): KeyEvent: ACTION_UP but key was not down.
D/InputEventConsistencyVerifier(  610):   in com.android.internal.policy.impl.PhoneWindow$DecorView@b41163a0
D/InputEventConsistencyVerifier(  610):   0: sent at 106191000000, KeyEvent { action=ACTION_UP, keyCode=KEYCODE_DPAD_RIGHT, scanCode=0, metaState=0, flags=0x8, repeatCount=0, eventTime=106191, downTime=106191, deviceId=-1, source=0x101 }
W/dalvikvm( 1021): DroidBox: { "FdAccess": { "path": "2f6465762f696e7075742f6576656e7430", "id": "863628394" } }
W/DroidBox( 1021): DroidBox: { "FileRW": { "operation": "write", "data": "efbfbd060000efbfbdefbfbd0c000500000000000000", "id": "863628394" } }
I/ActivityManager(  236): START {act=android.search.action.GLOBAL_SEARCH flg=0x10000000 cmp=com.android.quicksearchbox/.SearchActivity bnds=[5,43][475,103] (has extras) u=0} from pid 610
I/Choreographer(  610): Skipped 31 frames!  The application may be doing too much work on its main thread.
I/dalvikvm-heap(  610): Grow heap (frag case) to 15.126MB for 1463056-byte allocation
I/qtaguid (  236): Failed write_ctrl(s 1 10050) res=-1 errno=1
W/NetworkManagementSocketTagger(  236): setKernelCountSet(10050, 1) failed with errno -1
E/Trace   ( 1042): error opening trace file: No such file or directory (2)
E/WVMExtractor(   61): Failed to open libwvm.so
W/DroidBox( 1042): DroidBox: { "DexClassLoader": { "path": "/data/app/com.funnythinks.mcpeskindownloader-1.apk" } }
D/InputEventConsistencyVerifier(  610): KeyEvent: ACTION_UP but key was not down.
D/InputEventConsistencyVerifier(  610):   in com.android.launcher2.Cling@b3dd4270
D/InputEventConsistencyVerifier(  610):   0: sent at 106444000000, KeyEvent { action=ACTION_UP, keyCode=KEYCODE_DPAD_DOWN, scanCode=0, metaState=0, flags=0x8, repeatCount=0, eventTime=106444, downTime=106444, deviceId=-1, source=0x101 }
W/InputMethodManagerService(  236): Starting input on non-focused client com.android.internal.view.IInputMethodClient$Stub$Proxy@b3e889c0 (uid=10019 pid=610)
I/Choreographer(  610): Skipped 229 frames!  The application may be doing too much work on its main thread.
I/Choreographer(  610): Skipped 39 frames!  The application may be doing too much work on its main thread.
I/dalvikvm-heap( 1042): Grow heap (frag case) to 9.961MB for 1536016-byte allocation
I/Choreographer(  610): Skipped 37 frames!  The application may be doing too much work on its main thread.
I/dalvikvm-heap( 1042): Grow heap (frag case) to 13.255MB for 3456016-byte allocation
I/ActivityManager(  236): START {cmp=com.funnythinks.mcpeskindownloader/.MainActivity u=0} from pid 1042
I/Choreographer( 1042): Skipped 35 frames!  The application may be doing too much work on its main thread.
D/gralloc_goldfish( 1042): Emulator without GPU emulation detected.
E/WVMExtractor(   61): Failed to open libwvm.so
E/WVMExtractor(   61): Failed to open libwvm.so
E/WVMExtractor(   61): Failed to open libwvm.so
E/WVMExtractor(   61): Failed to open libwvm.so
E/WVMExtractor(   61): Failed to open libwvm.so
E/WVMExtractor(   61): Failed to open libwvm.so
E/WVMExtractor(   61): Failed to open libwvm.so
E/WVMExtractor(   61): Failed to open libwvm.so
W/dalvikvm(  236): DroidBox: { "FdAccess": { "path": "2f70726f632f3937372f636d646c696e65", "id": "1600307292" } }
W/DroidBox(  236): DroidBox: { "FileRW": { "operation": "read", "data": "2f73797374656d2f62696e2f6465786f7074002d2d7a6970003130003131002f646174612f6170702f636f6d2e66756e6e797468696e6b732e6d637065736b696e646f776e6c6f616465722d312e61706b00006d312e61706b0000000000000000000000", "id": "1600307292" } }
W/dalvikvm(  236): DroidBox: { "FdAccess": { "path": "2f70726f632f3937392f636d646c696e65", "id": "528632652" } }
W/DroidBox(  236): DroidBox: { "FileRW": { "operation": "read", "data": "636f6d2e616e64726f69642e6d757369636678000000000000000000000000000000000000000000000000000000000000000000000000000000000000000000000000000000000000000000312e61706b00006d312e61706b0000000000000000000000", "id": "528632652" } }
W/dalvikvm(  236): DroidBox: { "FdAccess": { "path": "2f70726f632f3939322f636d646c696e65", "id": "638555342" } }
W/DroidBox(  236): DroidBox: { "FileRW": { "operation": "read", "data": "636f6d2e73766f782e7069636f000000000000000000000000000000000000000000000000000000000000000000000000000000000000000000000000000000000000000000000000000000312e61706b00006d312e61706b0000000000000000000000", "id": "638555342" } }
W/dalvikvm(  236): DroidBox: { "FdAccess": { "path": "2f70726f632f313030362f636d646c696e65", "id": "1010392308" } }
W/DroidBox(  236): DroidBox: { "FileRW": { "operation": "read", "data": "636f6d2e616e64726f69642e717569636b736561726368626f780000000000000000000000000000000000000000000000000000000000000000000000000000000000000000000000000000312e61706b00006d312e61706b0000000000000000000000", "id": "1010392308" } }
W/dalvikvm(  236): DroidBox: { "FdAccess": { "path": "2f70726f632f313032312f636d646c696e65", "id": "1706859931" } }
W/DroidBox(  236): DroidBox: { "FileRW": { "operation": "read", "data": "636f6d2e616e64726f69642e636f6d6d616e64732e6d6f6e6b657900000000000000000000000000000000000000000000000000000000000000000000000000000000000000000000000000000000000000000000000000000000000000000000000000", "id": "1706859931" } }
W/dalvikvm(  236): DroidBox: { "FdAccess": { "path": "2f70726f632f313032332f636d646c696e65", "id": "1910253939" } }
W/DroidBox(  236): DroidBox: { "FileRW": { "operation": "read", "data": "6c6f676361740044726f6964426f783a570064616c76696b766d3a570041637469766974794d616e616765723a49000000000000000000000000000000000000000000000000000000000000000000000000000000000000000000000000000000000000", "id": "1910253939" } }
W/dalvikvm(  236): DroidBox: { "FdAccess": { "path": "2f70726f632f313032352f636d646c696e65", "id": "77083331" } }
W/DroidBox(  236): DroidBox: { "FileRW": { "operation": "read", "data": "2f73797374656d2f62696e2f7368002d63007368202e2f7364636172642f65786563757465537472616365496e2e736800000000000000000000000000000000000000000000000000000000000000000000000000000000000000000000000000000000", "id": "77083331" } }
W/dalvikvm(  236): DroidBox: { "FdAccess": { "path": "2f70726f632f313032372f636d646c696e65", "id": "1063689391" } }
W/DroidBox(  236): DroidBox: { "FileRW": { "operation": "read", "data": "7368002e2f7364636172642f65786563757465537472616365496e2e736800786563757465537472616365496e2e736800000000000000000000000000000000000000000000000000000000000000000000000000000000000000000000000000000000", "id": "1063689391" } }
W/dalvikvm(  236): DroidBox: { "FdAccess": { "path": "2f70726f632f313032382f636d646c696e65", "id": "2093651679" } }
W/DroidBox(  236): DroidBox: { "FileRW": { "operation": "read", "data": "737472616365002d70003539002d66002d747446002d6f002f7364636172642f72616e736f6d312e61706b5f7374726163655f6d6f6e6b65792e747874000000000000000000000000000000000000000000000000000000000000000000000000000000", "id": "2093651679" } }
W/dalvikvm(  236): DroidBox: { "FdAccess": { "path": "2f70726f632f313034322f636d646c696e65", "id": "711557595" } }
W/DroidBox(  236): DroidBox: { "FileRW": { "operation": "read", "data": "636f6d2e66756e6e797468696e6b732e6d637065736b696e646f776e6c6f61646572000000000000000000000000000000000000000000000000000000000000000000000000000000000000000000000000000000000000000000000000000000000000", "id": "711557595" } }
W/dalvikvm( 1042): DroidBox: { "FdAccess": { "path": "2f646174612f646174612f636f6d2e66756e6e797468696e6b732e6d637065736b696e646f776e6c6f616465722f7368617265645f70726566732f636f6d2e66756e6e797468696e6b732e6d637065736b696e646f776e6c6f616465725f707265666572656e6365732e786d6c", "id": "850454260" } }
W/DroidBox( 1042): DroidBox: { "FileRW": { "operation": "write", "data": "3c3f786d6c2076657273696f6e3d27312e302720656e636f64696e673d277574662d3827207374616e64616c6f6e653d2779657327203f3e0a3c6d61703e0a3c6c6f6e67206e616d653d226472745f7473222076616c75653d223022202f3e0a3c737472", "id": "850454260" } }
E/ActivityThread( 1042): Failed to find provider info for com.google.plus.platform
I/InputReader(  236): Reconfiguring input devices.  changes=0x00000010
D/PackageManager(  236): generateServicesMap(android.accounts.AccountAuthenticator): 2 services unchanged
D/PackageManager(  236): generateServicesMap(android.content.SyncAdapter): 4 services unchanged
W/dalvikvm(  857): DroidBox: { "FdAccess": { "path": "2f646174612f646174612f636f6d2e616e64726f69642e67616c6c65727933642f7368617265645f70726566732f636f6d2e616e64726f69642e67616c6c65727933645f707265666572656e6365732e786d6c", "id": "1970639928" } }
W/DroidBox(  857): DroidBox: { "FileRW": { "operation": "write", "data": "3c3f786d6c2076657273696f6e3d27312e302720656e636f64696e673d277574662d3827207374616e64616c6f6e653d2779657327203f3e0a3c6d61703e0a3c696e74206e616d653d227061636b616765732d76657273696f6e222076616c75653d2238", "id": "1970639928" } }
I/AccountTypeManager(  706): Loaded meta-data for 1 account types, 0 accounts in 419ms(wall) 10ms(cpu)
E/WVMExtractor(   61): Failed to open libwvm.so
W/dalvikvm( 1042): DroidBox: { "FdAccess": { "path": "2f646174612f646174612f636f6d2e66756e6e797468696e6b732e6d637065736b696e646f776e6c6f616465722f7368617265645f70726566732f707265662e786d6c", "id": "968102359" } }
W/DroidBox( 1042): DroidBox: { "FileRW": { "operation": "write", "data": "3c3f786d6c2076657273696f6e3d27312e302720656e636f64696e673d277574662d3827207374616e64616c6f6e653d2779657327203f3e0a3c6d61703e0a3c737472696e67206e616d653d22636865636b5f76657273696f6e223e312e333c2f737472", "id": "968102359" } }
I/Ads     ( 1042): To get test ads on this device, call adRequest.addTestDevice("856D8CB8A8B0B3314DCD73E564463AC4");
W/DroidBox( 1042): DroidBox: { "CryptoUsage": { "operation": "keyalgo", "key": "26, -93, 67, 75, -71, -87, -56, 40, 74, 119, -58, 102, -27, 48, 51, -108", "algorithm": "AES" } }
W/DroidBox( 1042): DroidBox: { "CryptoUsage": { "operation": "decryption", "algorithm": "AES/CBC/PKCS5Padding", "data": "PKÀ€À€À€]Kï¿½BÀ€À€À€À€À€À€À€À€À€À€À€À€	À€À€META-INF/ï¿½ï¿½À€À€À€PKÀ€À€À€À€À€À€À€À€À€À€À€PKÀ€À€À€]Kï¿½BÀ€À€À€À€À€À€À€À€À€À€À€À€À€À€À€META-INF/MANIFEST.MFï¿½Mï¿½ï¿½LK-.ï¿½K-*ï¿½ï¿½Ï³R0ï¿½3ï¿½ï¿½r.JM,IMï¿½uï¿½	ï¿½ï¿½ï¿½ï¿½+hï¿½ï¿½)ï¿½f&ï¿½Wï¿½ï¿½ï¿½+xï¿½%ï¿½iï¿½rï¿½rÀ€PKRï¿½ï¿½GÀ€À€À€GÀ€À€À€PKÀ€À€À€]Kï¿½BÀ€À€À€À€À€À€À€À€À€À€À€À€À€À€À€classes.dexï¿½ï¿½mlGÇŸï¿½=ß›ï¿½ï¿½ï¿½ï¿½-ï¿½8ï¿½ï¿½'ï¿½$ï¿½]ï¿½ï¿½&ï¿½ï¿½ï¿½5ï¿½%ï¿½Ø±ï¿½4@ï¿½ï¿½[_ï¿½9ï¿½oï¿½'Pï¿½ï¿½FB$Tï¿½Tï¿½Vï¿½B?Pï¿½À€ï¿½ ï¿½ï¿½ï¿½ï¿½ï¿½JP>@xH%Qï¿½ï¿½~Hï¿½ï¿½ï¿½}$1ï¿½Xï¿½wÏ³ï¿½<3;3ï¿½33ï¿½Í™ï¿½ï¿½ï¿½=Ô”ï¿½ï¿½_<ï¿½ï¿½ï¿½ï¿½ï¿½ï¿½wï¿½o7zK_zï¿½ï¿½;ï¿½De"Zï¿½Ý­ï¿½ï¿½ï¿½V ×¾ï¿½)D}ï¿½?ï¿½ï¿½Aï¿½<Dï¿½!ï¿½ï¿½ï¿½ï¿½DwBDï¿½ o@~ï¿½
W/DroidBox( 1042): ~~ï¿½ï¿½>À€ï¿½DÀ€!ï¿½ZAï¿½Alï¿½ï¿½Npï¿½ï¿½sï¿½ï¿½ï¿½ï¿½zï¿½ï¿½ï¿½ï¿½>^ï¿½ï¿½ï¿½ï¿½_ï¿½ï¿½ï¿½ï¿½h8lï¿½%pï¿½ï¿½H#Jï¿½ï¿½ .ï¿½ï¿½ï¿½ï¿½ï¿½ï¿½}ï¿½ï¿½ï¿½Gï¿½lï¿½`
W/DroidBox( 1042): ï¿½lï¿½`'ï¿½ï¿½`<	ï¿½ï¿½ï¿½`ÌƒOï¿½Ï‚ï¿½ï¿½+ï¿½ï¿½ï¿½%p|ï¿½ï¿½oï¿½_ï¿½ßƒï¿½ï¿½ï¿½#2ï¿½$A
W/DroidBox( 1042): Y`ï¿½ï¿½ï¿½Yp<ï¿½ï¿½/ï¿½Wï¿½ï¿½ï¿½ï¿½ï¿½]ÄAï¿½-hï¿½ï¿½] Öƒnï¿½l= 
W/DroidBox( 1042): zAï¿½Üœï¿½ï¿½ï¿½fï¿½ï¿½ï¿½À€ï¿½*sg;;@$ï¿½N0vï¿½ï¿½G{ï¿½^ï¿½ï¿½`ï¿½ï¿½qrï¿½Zï¿½xï¿½ï¿½ï¿½CR_rÇ¡H;ï¿½Mjï¿½ï¿½&uMï¿½Qï¿½ï¿½rï¿½ï¿½ï¿½ï¿½%}Zï¿½ï¿½ï¿½>\ï¿½=,ï¿½ï¿½:ï¿½pï¿½>ï¿½Uê§¥="}t99iï¿½kï¿½Gï¿½?,ï¿½ï¿½ï¿½ï¿½(ï¿½ï¿½W7ï¿½MROï¿½ï¿½ï¿½ï¿½ï¿½;ï¿½?(ï¿½ï¿½ï¿½ï¿½_ï¿½ï¿½ï¿½Ô¯ï¿½ï¿½ï¿½Yï¿½ï¿½ï¿½Cï¿½oï¿½mï¿½Hï¿½ï¿½ï¿½ï¿½oï¿½ï¿½Ä¥OXï¿½Ü§#ï¿½ï¿½ï¿½ï¿½/eÀ€ï¿½ï¿½GEï¿½hï¿½xï¿½ï¿½ï¿½ï¿½ï¿½ï¿½Ogï¿½ï¿½Ó‰:|ï¿½	ï¿½Yï¿½À€"<-ï¿½Jï¿½ï¿½ï¿½ï¿½ï¿½R~ï¿½xï¿½ï¿½ï¿½haB<ï¿½Sï¿½Kï¿½ï¿½Þˆ?ï¿½ï¿½rï¿½ï¿½!Yï¿½hï¿½ï¿½)cï¿½&ï¿½Wnyï¿½7!bï¿½ï¿½7#ï¿½&Dï¿½tï¿½ï¿½ï¿½wDï¿½Iï¿½kï¿½]CVï¿½cï¿½ï¿½iï¿½^Ê‹ï¿½sï¿½ï¿½BÔï¿½LSBï¿½ÒŒï¿½ï¿½ï¿½2@sB6QNï¿½[/ï¿½'ï¿½OYï¿½_>:G|ï¿½FDyï¿½x^ï¿½T/eï¿½lï¿½ï¿½ï¿½ï¿½ï¿½E~ï¿½~1ï¿½|Hï¿½Xï¿½(ï¿½ï¿½.ï¿½	ï¿½gï¿½ï¿½|ï¿½1rï¿½
W/DroidBox( 1042): ï¿½ï¿½ï¿½ï¿½ï¿½7ï¿½h\ï¿½ï¿½<ï¿½Fï¿½ï¿½Õ½oZï¿½|ï¿½,o^ï¿½|ï¿½,gï¿½Ï½pQYï¿½ï¿½ï¿½^ï¿½ï¿½_;Nï¿½
W/DroidBox( 1042): ï¿½_;Nï¿½,mHï¿½]ï¿½ï¿½ï¿½{ï¿½ï¿½ï¿½ï¿½ï¿½FÄ‡ï¿½@ï¿½ï¿½Z{:Nï¿½ï¿½ï¿½ï¿½sï¿½ï¿½ï¿½ï¿½sï¿½ï¿½ï¿½$ï¿½ï¿½wï¿½ï¿½(Oï¿½bTEBlï¿½'|ï¿½	*ï¿½pï¿½Dï¿½1Zï¿½xï¿½!ï¿½ï¿½5ï¿½ï¿½Mï¿½ï¿½ï¿½ï¿½ï¿½k%ï¿½ï¿½++ï¿½ï¿½ï¿½Dï¿½@ï¿½6ï¿½oï¿½>ï¿½ï¿½]ï¿½ï¿½Gï¿½Dï¿½ï¿½ï¿½ï¿½ï¿½@ï¿½tï¿½Cï¿½Mbdï¿½v<ï¿½1<uPï¿½mi1ï¿½Cï¿½ï¿½Jï¿½5ï¿½ï¿½zï¿½ï¿½/Eï¿½ï¿½ï¿½m}ï¿½[Ioï¿½y7ï¿½ï¿½iiï¿½Eï¿½rr+-ï¿½c^Oï¿½bï¿½ï¿½ï¿½<!ï¿½ï¿½ï¿½3vï¿½{Vr}9ï¿½ï¿½7x?Yï¿½cJ]\ï¿½7{ï¿½ï¿½]bYï¿½
W/DroidBox( 1042): Û‰:[3lï¿½}6ï¿½Zï¿½;~wï¿½ï¿½xaUï¿½Iï¿½=ï¿½ï¿½ï¿½ï¿½jß®ï¿½ï¿½HSCï¿½ï¿½ï¿½ï¿½Vï¿½ï¿½ï¿½ë¿‹bï¿½ï¿½ï¿½ï¿½uï¿½ï¿½ï¿½ï¿½ï¿½ï¿½~ï¿½ï¿½Eï¿½ï¿½ï¿½ï¿½Vï¿½Aï¿½ï¿½6!ï¿½ï¿½jï¿½ï¿½2D$ï¿½bï¿½mLï¿½ï¿½ï¿½ï¿½<
W/DroidBox( 1042): ï¿½ï¿½ï¿½\ï¿½BF<lÕ¦ï¿½yï¿½ï¿½ï¿½IIï¿½$ä…º_}ï¿½ï¿½ï¿½ï¿½ï¿½W;7hï¿½s;,ï¿½ï¿½ï¿½ï¿½ï¿½wï¿½ï¿½vï¿½Z;ï¿½ï¿½kï¿½|ï¿½ï¿½ï¿½&ï¿½?~ï¿½ï¿½Ð³ï¿½\yIÊªï¿½ï¿½ï¿½xï¿½ï¿½
W/DroidBox( 1042): ?ï¿½|Xï¿½ï¿½ï¿½_ï¿½*W=ï¿½ï¿½[_`ï¿½/ï¿½ï¿½7ï¿½ï¿½ï¿½)ï¿½ï¿½aï¿½W_)ï¿½Qï¿½udiï¿½<ï¿½5ï¿½ï¿½%uUDï¿½ï¿½ï¿½ï¿½ï¿½ï¿½ï¿½ï¿½ï¿½+rß½ï¿½c"ï¿½ï¿½Nï¿½SYï¿½Sï¿½ï¿½ï¿½'1ï¿½nï¿½ï¿½ ï¿½wï¿½ï¿½I9ï¿½
W/DroidBox( 1042): ï¿½I9ï¿½ï¿½Yï¿½ï¿½ï¿½yï¿½ï¿½ï¿½ï¿½ï¿½ï¿½hï¿½=ï¿½/rï¿½eï¿½ï¿½hï¿½ï¿½ï¿½Gï¿½Ý„ï¿½ï¿½z[uï¿½ï¿½hsï¿½#>ï¿½mPï¿½ï¿½=ï¿½k1ï¿½3a}Zï¿½$iï¿½ï¿½ï¿½y)ï¿½ï¿½ï¿½ï¿½ï¿½Zï¿½ï¿½ï¿½}ï¿½ï¿½ï¿½ï¿½Gï¿½ï¿½i%ï¿½ï¿½Ò¼ï¿½kDï¿½.=ï¿½ï¿½ï¿½w[ï¿½^ï¿½ã¨­ï¿½Nï¿½ï¿½)r_ï¿½R'ï¿½;.ï¿½ï¿½ï¿½'ï¿½ï¿½ï¿½ï¿½ï¿½nVï¿½"bï¿½_ï¿½ï¿½ï¿½N)ï¿½ï¿½ï¿½"ï¿½ï¿½ï¿½ï¿½ï¿½{Crï¿½ï¿½iï¿½ï¿½0ï¿½(ï¿½ï¿½ï¿½ï¿½0ï¿½ï¿½ï¿½+ï¿½rï¿½ï¿½d8fï¿½B	ï¿½ï¿½ï¿½ï¿½ï¿½@ï¿½Xï¿½
W/DroidBox( 1042): ï¿½ï¿½=ï¿½Ê†ï¿½É‘ï¿½qï¿½ï¿½ï¿½ï¿½ï¿½ï¿½ï¿½Mï¿½M;D,MJ:Cï¿½ï¿½ï¿½ï¿½4n3GÀ€ï¿½ï¿½'ï¿½{3ï¿½ï¿½ï¿½ï¿½
W/DroidBox( 1042): ï¿½Dï¿½d9ï¿½ï¿½$ï¿½\9mÚ¥ï¿½YIQï¿½ï¿½]ï¿½ï¿½EVï¿½Jvbï¿½Z(ï¿½6ï¿½NLÏ¤'ï¿½ï¿½Hï¿½,Eï¿½[ï¿½RZ*ï¿½ï¿½Jbï¿½tï¿½ï¿½ï¿½ï¿½7Í˜ï¿½jï¿½LÑ†ï¿½ï¿½S(&ï¿½vï¿½h\:f:ï¿½BÖ®ï¿½Rï¿½ï¿½8Vr
W/DroidBox( 1042): %kb	ï¿½JQO&[ZHï¿½Kï¿½|ï¿½Lï¿½ÜŒï¿½ï¿½ï¿½ï¿½ï¿½|9a<ï¿½aï¿½Qï¿½G9ï¿½ï¿½ï¿½5gï¿½1ï¿½ï¿½Dï¿½ï¿½8T(ï¿½|zï¿½ï¿½ï¿½Vï¿½ï¿½ï¿½8ï¿½XHQï¿½JQzrb9kï¿½ï¿½XSvï¿½Eï¿½ï¿½'ÆŠï¿½mï¿½]5ï¿½ï¿½E3oGï¿½YÓ¶ï¿½iu>ï¿½ï¿½ï¿½O!ï¿½ã¥™jï¿½<ï¿½ï¿½|)WW)Zï¿½R-ï¿½JÄ¾Rï¿½ï¿½yLï¿½=cfï¿½Uï¿½ï¿½kï¿½ï¿½Fï¿½ï¿½ï¿½ï¿½ï¿½ï¿½Mï¿½Oï¿½ï¿½ï¿½Sï¿½]-ï
W/DroidBox( 1042): ï¿½Sï¿½]-ï¿½Kï¿½ï¿½Mï¿½ÍŠ!ï¿½ï¿½ï¿½ï¿½`ï¿½kÅœ/ï¿½7ï¿½ï¿½ï¿½Tï¿½
W/DroidBox( 1042): Ç“F%o:uî‘‡ï¿½ï¿½Sï¿½ï¿½ï¿½lï¿½pï¿½'Fï¿½4ï¿½ï¿½ç½‘Aï¿½ï¿½ï¿½Kï¿½9Zï¿½ï¿½ï¿½f9d[ï¿½ï¿½Ø¶ï¿½7ï¿½yï¿½ÆŒï¿½ï¿½+vï¿½{ï¿½ï¿½/ï¿½ï¿½ï¿½B]ï¿½dï¿½"ï¿½G*ï¿½Rï¿½ï¿½hï¿½3ï¿½Eï¿½ï¿½ï¿½ï¿½ï¿½ï¿½+ï¿½ï¿½ï¿½ï¿½
W/DroidBox( 1042): Kï¿½ï¿½)ï¿½ï¿½Cï¿½ï¿½ï¿½ï¿½ï¿½ï¿½ï¿½fï¿½ï¿½ï¿½KÊ©bï¿½ï¿½Ì¦Iï¿½ï¿½Nï¿½ï¿½bWï¿½ï¿½ï¿½ï¿½ï¿½`8;Jï¿½ï¿½ï¿½ï¿½ï¿½ï¿½Cbï¿½Rï¿½\ï¿½ï¿½2ï¿½ï¿½rï¿½Åžï¿½ï¿½ï¿½#_Ö°ï¿½M#Gï¿½ï¿½iÙ˜ï¿½ï¿½ï¿½Üï¿½\ï¿½ï¿½T!ï¿½ï¿½X5ï¿½6ï¿½2ï¿½9_ï¿½`ï¿½É—7-ËŸï¿½Hï¿½ï¿½ï¿½ï¿½ï¿½Iï¿½vß¦Eï¿½ï¿½ï¿½ï¿½.Z'&ï¿½xï¿½ï¿½!ï¿½xQÚ²ï¿½Êšï¿½A7ï¿½ï¿½uï¿½ï¿½^@ÐŽï¿½ï¿½Xï¿½ï¿½ï¿½V+Ys
W/DroidBox( 1042): ï¿½ ï¿½ï¿½	ï¿½ï¿½ï¿½ï¿½rZï¿½!oï¿½vï¿½$/bï¿½ï¿½ï¿½ï¿½ï¿½Gï¿½ï¿½sï¿½[ï¿½ï¿½dï¿½Fï¿½t
W/DroidBox( 1042): T3lï¿½|Uë‚….ï¿½ï¿½Zï¿½)À€Ã’Qï¿½ï¿½ï¿½ï¿½ï¿½X1ï¿½ï¿½	|ï¿½ï¿½Vï¿½iï¿½/aï¿½ï¿½kW<7ï¿½ï¿½o6ï¿½ï¿½-ï¿½^^ï¿½CLï¿½ï¿½aï¿½0Ì‚/ï¿½ï¿½ï¿½ï¿½ymï¿½ï¿½ï¿½ï¿½ï¿½ï¿½ï¿½wï¿½ï¿½ï¿½ï¿½ï¿½ä¾»Rï¿½Yï¿½eï¿½?ï¿½jï¿½ï¿½ï¿½yVï¿½>ï¿½ï¿½odï¿½ï¿½ï¿½ï¿½ï¿½Uï¿½VÆ¢ï¿½9È¿ï¿½ï¿½UEï¿½ï¿½ï¿½ï¿½À€Jï¿½mï¿½Cï¿½ï¿½ï¿½ï¿½_Ksï¿
W/DroidBox( 1042): ¿½ï¿½_Ksï¿½Í¿ï¿½ï¿½PKï¿½9Ì¨
W/DroidBox( 1042): À€À€ï¿½À€À€PKÀ€À€À€À€]Kï¿½BÀ€À€À€À€À€À€À€À€À€À€À€	À€À€À€À€À€À€À€À€À€À€À€À€À€À€À€À€META-INF/ï¿½ï¿½À€À€PKÀ€À€À€À€]Kï¿½BRï¿½ï¿½GÀ€À€À€GÀ€À€À€À€À€À€À€À€À€À€À€À€À€À€À€À€=À€À€À€META-INF/MANIFEST.MFPKÀ€À€À€À€]Kï¿½Bï¿½9Ì¨
W/DroidBox( 1042): À€À€ï¿½À€À€À€À€À€À€À€À€À€À€À€À€À€À€À€ï¿½À€À€À€classes.dexPKÀ€À€À€À€À€À€ï¿½À€À€À€À€À€À€À€" } }
I/InputDispatcher(  236): Application is not responding: AppWindowToken{b3f6e3b0 token=Token{b40b00e0 ActivityRecord{b40eebd8 com.funnythinks.mcpeskindownloader/.MainActivity}}}.  It has been 6531.3ms since event, 5003.8ms since wait started.  Reason: Waiting because no window has focus but there is a focused application that may eventually add a window when it finishes starting up.
I/WindowManager(  236): Input event dispatching timed out sending to application AppWindowToken{b3f6e3b0 token=Token{b40b00e0 ActivityRecord{b40eebd8 com.funnythinks.mcpeskindownloader/.MainActivity}}}
W/dalvikvm( 1042): DroidBox: { "FdAccess": { "path": "2f646174612f646174612f636f6d2e66756e6e797468696e6b732e6d637065736b696e646f776e6c6f616465722f63616368652f6164732d3931303430363433372e6a6172", "id": "973482738" } }
E/WVMExtractor(   61): Failed to open libwvm.so
W/DroidBox( 1042): DroidBox: { "FileRW": { "operation": "write", "data": "504b03041400080008005d4befbfbd42000000000000000000000000090004004d4554412d494e462fefbfbdefbfbd00000300504b0708000000000200000000000000504b03041400080008005d4befbfbd42000000000000000000000000140000004d4554412d494e462f", "id": "973482738" } }
W/DroidBox( 1042): DroidBox: { "DexClassLoader": { "path": "/data/data/com.funnythinks.mcpeskindownloader/cache/ads-910406437.jar" } }
I/Process (  236): Sending signal. PID: 1042 SIG: 3
I/Choreographer(  610): Skipped 90 frames!  The application may be doing too much work on its main thread.
I/Process (  236): Sending signal. PID: 236 SIG: 3
I/Process (  236): Sending signal. PID: 405 SIG: 3
I/Process (  236): Sending signal. PID: 476 SIG: 3
W/dalvikvm(  236): DroidBox: { "FdAccess": { "path": "2f70726f632f312f636d646c696e65", "id": "1955089825" } }
W/DroidBox(  236): DroidBox: { "FileRW": { "operation": "read", "data": "2f696e69740000000000000000000000000000000000000000000000000000000000000000000000000000000000000000000000000000000000000000000000000000000000000000000000000000000000000000000000000000000000000000000000", "id": "1955089825" } }
W/dalvikvm(  236): DroidBox: { "FdAccess": { "path": "2f70726f632f322f636d646c696e65", "id": "225399331" } }
W/DroidBox(  236): DroidBox: { "FileRW": { "operation": "read", "data": "2f696e69740000000000000000000000000000000000000000000000000000000000000000000000000000000000000000000000000000000000000000000000000000000000000000000000000000000000000000000000000000000000000000000000", "id": "225399331" } }
W/dalvikvm(  236): DroidBox: { "FdAccess": { "path": "2f70726f632f332f636d646c696e65", "id": "1498784591" } }
W/DroidBox(  236): DroidBox: { "FileRW": { "operation": "read", "data": "2f696e69740000000000000000000000000000000000000000000000000000000000000000000000000000000000000000000000000000000000000000000000000000000000000000000000000000000000000000000000000000000000000000000000", "id": "1498784591" } }
W/dalvikvm(  236): DroidBox: { "FdAccess": { "path": "2f70726f632f342f636d646c696e65", "id": "1523885784" } }
W/DroidBox(  236): DroidBox: { "FileRW": { "operation": "read", "data": "2f696e69740000000000000000000000000000000000000000000000000000000000000000000000000000000000000000000000000000000000000000000000000000000000000000000000000000000000000000000000000000000000000000000000", "id": "1523885784" } }
W/dalvikvm(  236): DroidBox: { "FdAccess": { "path": "2f70726f632f352f636d646c696e65", "id": "1551736697" } }
W/DroidBox(  236): DroidBox: { "FileRW": { "operation": "read", "data": "2f696e69740000000000000000000000000000000000000000000000000000000000000000000000000000000000000000000000000000000000000000000000000000000000000000000000000000000000000000000000000000000000000000000000", "id": "1551736697" } }
W/dalvikvm(  236): DroidBox: { "FdAccess": { "path": "2f70726f632f362f636d646c696e65", "id": "2098231097" } }
W/DroidBox(  236): DroidBox: { "FileRW": { "operation": "read", "data": "2f696e69740000000000000000000000000000000000000000000000000000000000000000000000000000000000000000000000000000000000000000000000000000000000000000000000000000000000000000000000000000000000000000000000", "id": "2098231097" } }
W/dalvikvm(  236): DroidBox: { "FdAccess": { "path": "2f70726f632f372f636d646c696e65", "id": "220152074" } }
W/DroidBox(  236): DroidBox: { "FileRW": { "operation": "read", "data": "2f696e69740000000000000000000000000000000000000000000000000000000000000000000000000000000000000000000000000000000000000000000000000000000000000000000000000000000000000000000000000000000000000000000000", "id": "220152074" } }
W/dalvikvm(  236): DroidBox: { "FdAccess": { "path": "2f70726f632f382f636d646c696e65", "id": "2088303992" } }
W/DroidBox(  236): DroidBox: { "FileRW": { "operation": "read", "data": "2f696e69740000000000000000000000000000000000000000000000000000000000000000000000000000000000000000000000000000000000000000000000000000000000000000000000000000000000000000000000000000000000000000000000", "id": "2088303992" } }
W/dalvikvm(  236): DroidBox: { "FdAccess": { "path": "2f70726f632f392f636d646c696e65", "id": "1662651752" } }
W/DroidBox(  236): DroidBox: { "FileRW": { "operation": "read", "data": "2f696e69740000000000000000000000000000000000000000000000000000000000000000000000000000000000000000000000000000000000000000000000000000000000000000000000000000000000000000000000000000000000000000000000", "id": "1662651752" } }
W/dalvikvm(  236): DroidBox: { "FdAccess": { "path": "2f70726f632f31302f636d646c696e65", "id": "90080560" } }
W/DroidBox(  236): DroidBox: { "FileRW": { "operation": "read", "data": "2f696e69740000000000000000000000000000000000000000000000000000000000000000000000000000000000000000000000000000000000000000000000000000000000000000000000000000000000000000000000000000000000000000000000", "id": "90080560" } }
W/dalvikvm(  236): DroidBox: { "FdAccess": { "path": "2f70726f632f31312f636d646c696e65", "id": "343560099" } }
W/DroidBox(  236): DroidBox: { "FileRW": { "operation": "read", "data": "2f696e69740000000000000000000000000000000000000000000000000000000000000000000000000000000000000000000000000000000000000000000000000000000000000000000000000000000000000000000000000000000000000000000000", "id": "343560099" } }
W/dalvikvm(  236): DroidBox: { "FdAccess": { "path": "2f70726f632f31322f636d646c696e65", "id": "1914171241" } }
W/DroidBox(  236): DroidBox: { "FileRW": { "operation": "read", "data": "2f696e69740000000000000000000000000000000000000000000000000000000000000000000000000000000000000000000000000000000000000000000000000000000000000000000000000000000000000000000000000000000000000000000000", "id": "1914171241" } }
W/dalvikvm(  236): DroidBox: { "FdAccess": { "path": "2f70726f632f31332f636d646c696e65", "id": "216014760" } }
W/DroidBox(  236): DroidBox: { "FileRW": { "operation": "read", "data": "2f696e69740000000000000000000000000000000000000000000000000000000000000000000000000000000000000000000000000000000000000000000000000000000000000000000000000000000000000000000000000000000000000000000000", "id": "216014760" } }
W/dalvikvm(  236): DroidBox: { "FdAccess": { "path": "2f70726f632f31342f636d646c696e65", "id": "334399614" } }
W/DroidBox(  236): DroidBox: { "FileRW": { "operation": "read", "data": "2f696e69740000000000000000000000000000000000000000000000000000000000000000000000000000000000000000000000000000000000000000000000000000000000000000000000000000000000000000000000000000000000000000000000", "id": "334399614" } }
W/dalvikvm(  236): DroidBox: { "FdAccess": { "path": "2f70726f632f32352f636d646c696e65", "id": "324490510" } }
W/DroidBox(  236): DroidBox: { "FileRW": { "operation": "read", "data": "2f696e69740000000000000000000000000000000000000000000000000000000000000000000000000000000000000000000000000000000000000000000000000000000000000000000000000000000000000000000000000000000000000000000000", "id": "324490510" } }
W/dalvikvm(  236): DroidBox: { "FdAccess": { "path": "2f70726f632f32362f636d646c696e65", "id": "1392155818" } }
W/DroidBox(  236): DroidBox: { "FileRW": { "operation": "read", "data": "2f696e69740000000000000000000000000000000000000000000000000000000000000000000000000000000000000000000000000000000000000000000000000000000000000000000000000000000000000000000000000000000000000000000000", "id": "1392155818" } }
W/dalvikvm(  236): DroidBox: { "FdAccess": { "path": "2f70726f632f32372f636d646c696e65", "id": "1234212331" } }
W/DroidBox(  236): DroidBox: { "FileRW": { "operation": "read", "data": "2f696e69740000000000000000000000000000000000000000000000000000000000000000000000000000000000000000000000000000000000000000000000000000000000000000000000000000000000000000000000000000000000000000000000", "id": "1234212331" } }
W/dalvikvm(  236): DroidBox: { "FdAccess": { "path": "2f70726f632f32382f636d646c696e65", "id": "744832553" } }
W/DroidBox(  236): DroidBox: { "FileRW": { "operation": "read", "data": "2f696e69740000000000000000000000000000000000000000000000000000000000000000000000000000000000000000000000000000000000000000000000000000000000000000000000000000000000000000000000000000000000000000000000", "id": "744832553" } }
W/dalvikvm(  236): DroidBox: { "FdAccess": { "path": "2f70726f632f32392f636d646c696e65", "id": "2086524226" } }
W/DroidBox(  236): DroidBox: { "FileRW": { "operation": "read", "data": "2f696e69740000000000000000000000000000000000000000000000000000000000000000000000000000000000000000000000000000000000000000000000000000000000000000000000000000000000000000000000000000000000000000000000", "id": "2086524226" } }
W/dalvikvm(  236): DroidBox: { "FdAccess": { "path": "2f70726f632f33302f636d646c696e65", "id": "1519497535" } }
W/DroidBox(  236): DroidBox: { "FileRW": { "operation": "read", "data": "2f696e69740000000000000000000000000000000000000000000000000000000000000000000000000000000000000000000000000000000000000000000000000000000000000000000000000000000000000000000000000000000000000000000000", "id": "1519497535" } }
W/dalvikvm(  236): DroidBox: { "FdAccess": { "path": "2f70726f632f33312f636d646c696e65", "id": "1848874343" } }
W/DroidBox(  236): DroidBox: { "FileRW": { "operation": "read", "data": "2f7362696e2f756576656e7464000000000000000000000000000000000000000000000000000000000000000000000000000000000000000000000000000000000000000000000000000000000000000000000000000000000000000000000000000000", "id": "1848874343" } }
W/dalvikvm(  236): DroidBox: { "FdAccess": { "path": "2f70726f632f33332f636d646c696e65", "id": "1009331413" } }
W/DroidBox(  236): DroidBox: { "FileRW": { "operation": "read", "data": "2f7362696e2f756576656e7464000000000000000000000000000000000000000000000000000000000000000000000000000000000000000000000000000000000000000000000000000000000000000000000000000000000000000000000000000000", "id": "1009331413" } }
W/dalvikvm(  236): DroidBox: { "FdAccess": { "path": "2f70726f632f33342f636d646c696e65", "id": "2005565925" } }
W/DroidBox(  236): DroidBox: { "FileRW": { "operation": "read", "data": "2f7362696e2f756576656e7464000000000000000000000000000000000000000000000000000000000000000000000000000000000000000000000000000000000000000000000000000000000000000000000000000000000000000000000000000000", "id": "2005565925" } }
W/dalvikvm(  236): DroidBox: { "FdAccess": { "path": "2f70726f632f33382f636d646c696e65", "id": "1307152337" } }
W/DroidBox(  236): DroidBox: { "FileRW": { "operation": "read", "data": "2f7362696e2f756576656e7464000000000000000000000000000000000000000000000000000000000000000000000000000000000000000000000000000000000000000000000000000000000000000000000000000000000000000000000000000000", "id": "1307152337" } }
W/dalvikvm(  236): DroidBox: { "FdAccess": { "path": "2f70726f632f34302f636d646c696e65", "id": "1960464146" } }
W/DroidBox(  236): DroidBox: { "FileRW": { "operation": "read", "data": "2f7362696e2f756576656e7464000000000000000000000000000000000000000000000000000000000000000000000000000000000000000000000000000000000000000000000000000000000000000000000000000000000000000000000000000000", "id": "1960464146" } }
W/dalvikvm(  236): DroidBox: { "FdAccess": { "path": "2f70726f632f34312f636d646c696e65", "id": "1493447458" } }
W/DroidBox(  236): DroidBox: { "FileRW": { "operation": "read", "data": "2f7362696e2f756576656e7464000000000000000000000000000000000000000000000000000000000000000000000000000000000000000000000000000000000000000000000000000000000000000000000000000000000000000000000000000000", "id": "1493447458" } }
W/dalvikvm(  236): DroidBox: { "FdAccess": { "path": "2f70726f632f34342f636d646c696e65", "id": "1428460700" } }
W/DroidBox(  236): DroidBox: { "FileRW": { "operation": "read", "data": "2f7362696e2f756576656e7464000000000000000000000000000000000000000000000000000000000000000000000000000000000000000000000000000000000000000000000000000000000000000000000000000000000000000000000000000000", "id": "1428460700" } }
W/dalvikvm(  236): DroidBox: { "FdAccess": { "path": "2f70726f632f34362f636d646c696e65", "id": "1033894284" } }
W/DroidBox(  236): DroidBox: { "FileRW": { "operation": "read", "data": "2f7362696e2f756576656e7464000000000000000000000000000000000000000000000000000000000000000000000000000000000000000000000000000000000000000000000000000000000000000000000000000000000000000000000000000000", "id": "1033894284" } }
W/dalvikvm(  236): DroidBox: { "FdAccess": { "path": "2f70726f632f34372f636d646c696e65", "id": "359442764" } }
W/DroidBox(  236): DroidBox: { "FileRW": { "operation": "read", "data": "2f7362696e2f756576656e7464000000000000000000000000000000000000000000000000000000000000000000000000000000000000000000000000000000000000000000000000000000000000000000000000000000000000000000000000000000", "id": "359442764" } }
W/dalvikvm(  236): DroidBox: { "FdAccess": { "path": "2f70726f632f34382f636d646c696e65", "id": "1255765231" } }
W/DroidBox(  236): DroidBox: { "FileRW": { "operation": "read", "data": "2f73797374656d2f62696e2f71656d75640000000000000000000000000000000000000000000000000000000000000000000000000000000000000000000000000000000000000000000000000000000000000000000000000000000000000000000000", "id": "1255765231" } }
W/dalvikvm(  236): DroidBox: { "FdAccess": { "path": "2f70726f632f35322f636d646c696e65", "id": "1816242711" } }
W/DroidBox(  236): DroidBox: { "FileRW": { "operation": "read", "data": "2f73797374656d2f62696e2f736572766963656d616e616765720000000000000000000000000000000000000000000000000000000000000000000000000000000000000000000000000000000000000000000000000000000000000000000000000000", "id": "1816242711" } }
W/dalvikvm(  236): DroidBox: { "FdAccess": { "path": "2f70726f632f35332f636d646c696e65", "id": "2130510330" } }
W/DroidBox(  236): DroidBox: { "FileRW": { "operation": "read", "data": "2f73797374656d2f62696e2f766f6c640063656d616e616765720000000000000000000000000000000000000000000000000000000000000000000000000000000000000000000000000000000000000000000000000000000000000000000000000000", "id": "2130510330" } }
W/dalvikvm(  236): DroidBox: { "FdAccess": { "path": "2f70726f632f35352f636d646c696e65", "id": "751669850" } }
W/DroidBox(  236): DroidBox: { "FileRW": { "operation": "read", "data": "2f73797374656d2f62696e2f6e6574640063656d616e616765720000000000000000000000000000000000000000000000000000000000000000000000000000000000000000000000000000000000000000000000000000000000000000000000000000", "id": "751669850" } }
W/dalvikvm(  236): DroidBox: { "FdAccess": { "path": "2f70726f632f35362f636d646c696e65", "id": "701636838" } }
W/DroidBox(  236): DroidBox: { "FileRW": { "operation": "read", "data": "2f73797374656d2f62696e2f64656275676765726400616765720000000000000000000000000000000000000000000000000000000000000000000000000000000000000000000000000000000000000000000000000000000000000000000000000000", "id": "701636838" } }
W/dalvikvm(  236): DroidBox: { "FdAccess": { "path": "2f70726f632f35372f636d646c696e65", "id": "317042396" } }
W/DroidBox(  236): DroidBox: { "FileRW": { "operation": "read", "data": "2f73797374656d2f62696e2f72696c64006765726400616765720000000000000000000000000000000000000000000000000000000000000000000000000000000000000000000000000000000000000000000000000000000000000000000000000000", "id": "317042396" } }
W/dalvikvm(  236): DroidBox: { "FdAccess": { "path": "2f70726f632f35382f636d646c696e65", "id": "1407305032" } }
W/DroidBox(  236): DroidBox: { "FileRW": { "operation": "read", "data": "2f73797374656d2f62696e2f73757266616365666c696e6765720000000000000000000000000000000000000000000000000000000000000000000000000000000000000000000000000000000000000000000000000000000000000000000000000000", "id": "1407305032" } }
W/dalvikvm(  236): DroidBox: { "FdAccess": { "path": "2f70726f632f35392f636d646c696e65", "id": "794843773" } }
W/DroidBox(  236): DroidBox: { "FileRW": { "operation": "read", "data": "7a79676f7465002f62696e2f6170705f70726f63657373002d587a79676f7465002f73797374656d2f62696e002d2d7a79676f7465002d2d73746172742d73797374656d2d73657276657200000000000000000000000000000000000000000000000000", "id": "794843773" } }
W/dalvikvm(  236): DroidBox: { "FdAccess": { "path": "2f70726f632f36302f636d646c696e65", "id": "284261332" } }
W/DroidBox(  236): DroidBox: { "FileRW": { "operation": "read", "data": "2f73797374656d2f62696e2f64726d7365727665720073002d587a79676f7465002f73797374656d2f62696e002d2d7a79676f7465002d2d73746172742d73797374656d2d73657276657200000000000000000000000000000000000000000000000000", "id": "284261332" } }
W/dalvikvm(  236): DroidBox: { "FdAccess": { "path": "2f70726f632f36312f636d646c696e65", "id": "1212511486" } }
W/DroidBox(  236): DroidBox: { "FileRW": { "operation": "read", "data": "2f73797374656d2f62696e2f6d65646961736572766572002d587a79676f7465002f73797374656d2f62696e002d2d7a79676f7465002d2d73746172742d73797374656d2d73657276657200000000000000000000000000000000000000000000000000", "id": "1212511486" } }
W/dalvikvm(  236): DroidBox: { "FdAccess": { "path": "2f70726f632f36322f636d646c696e65", "id": "474155790" } }
W/DroidBox(  236): DroidBox: { "FileRW": { "operation": "read", "data": "2f73797374656d2f62696e2f646275732d6461656d6f6e002d2d73797374656d002d2d6e6f666f726b00696e002d2d7a79676f7465002d2d73746172742d73797374656d2d73657276657200000000000000000000000000000000000000000000000000", "id": "474155790" } }
W/dalvikvm(  236): DroidBox: { "FdAccess": { "path": "2f70726f632f36342f636d646c696e65", "id": "536703214" } }
W/DroidBox(  236): DroidBox: { "FileRW": { "operation": "read", "data": "2f73797374656d2f62696e2f696e7374616c6c64006f6e002d2d73797374656d002d2d6e6f666f726b00696e002d2d7a79676f7465002d2d73746172742d73797374656d2d73657276657200000000000000000000000000000000000000000000000000", "id": "536703214" } }
W/dalvikvm(  236): DroidBox: { "FdAccess": { "path": "2f70726f632f36352f636d646c696e65", "id": "1843682316" } }
W/DroidBox(  236): DroidBox: { "FileRW": { "operation": "read", "data": "2f73797374656d2f62696e2f6b657973746f7265002f646174612f6d6973632f6b657973746f72650000696e002d2d7a79676f7465002d2d73746172742d73797374656d2d73657276657200000000000000000000000000000000000000000000000000", "id": "1843682316" } }
W/dalvikvm(  236): DroidBox: { "FdAccess": { "path": "2f70726f632f36362f636d646c696e65", "id": "1586568825" } }
W/DroidBox(  236): DroidBox: { "FileRW": { "operation": "read", "data": "2f73797374656d2f62696e2f73680073746f7265002f646174612f6d6973632f6b657973746f72650000696e002d2d7a79676f7465002d2d73746172742d73797374656d2d73657276657200000000000000000000000000000000000000000000000000", "id": "1586568825" } }
W/dalvikvm(  236): DroidBox: { "FdAccess": { "path": "2f70726f632f36372f636d646c696e65", "id": "955454743" } }
W/DroidBox(  236): DroidBox: { "FileRW": { "operation": "read", "data": "2f7362696e2f61646264002f73680073746f7265002f646174612f6d6973632f6b657973746f72650000696e002d2d7a79676f7465002d2d73746172742d73797374656d2d73657276657200000000000000000000000000000000000000000000000000", "id": "955454743" } }
W/dalvikvm(  236): DroidBox: { "FdAccess": { "path": "2f70726f632f3233362f636d646c696e65", "id": "680675091" } }
W/DroidBox(  236): DroidBox: { "FileRW": { "operation": "read", "data": "73797374656d5f736572766572000000000000000000000000000000000000000000000000000000000000000000000000000000000000000000000000000000000000000000000000000000000000000000000000000000000000000000000000000000", "id": "680675091" } }
W/dalvikvm(  236): DroidBox: { "FdAccess": { "path": "2f70726f632f3430352f636d646c696e65", "id": "1629629193" } }
W/DroidBox(  236): DroidBox: { "FileRW": { "operation": "read", "data": "636f6d2e616e64726f69642e73797374656d75690000000000000000000000000000000000000000000000000000000000000000000000000000000000000000000000000000000000000000000000000000000000000000000000000000000000000000", "id": "1629629193" } }
W/dalvikvm(  236): DroidBox: { "FdAccess": { "path": "2f70726f632f3436342f636d646c696e65", "id": "1656714083" } }
W/DroidBox(  236): DroidBox: { "FileRW": { "operation": "read", "data": "636f6d2e616e64726f69642e696e7075746d6574686f642e6c6174696e0000000000000000000000000000000000000000000000000000000000000000000000000000000000000000000000000000000000000000000000000000000000000000000000", "id": "1656714083" } }
W/dalvikvm(  236): DroidBox: { "FdAccess": { "path": "2f70726f632f3437362f636d646c696e65", "id": "1190114189" } }
W/DroidBox(  236): DroidBox: { "FileRW": { "operation": "read", "data": "636f6d2e616e64726f69642e70686f6e650000000000000000000000000000000000000000000000000000000000000000000000000000000000000000000000000000000000000000000000000000000000000000000000000000000000000000000000", "id": "1190114189" } }
W/dalvikvm(  236): DroidBox: { "FdAccess": { "path": "2f70726f632f3438392f636d646c696e65", "id": "702161685" } }
W/DroidBox(  236): DroidBox: { "FileRW": { "operation": "read", "data": "636f6d2e616e64726f69642e73657474696e67730000000000000000000000000000000000000000000000000000000000000000000000000000000000000000000000000000000000000000000000000000000000000000000000000000000000000000", "id": "702161685" } }
W/dalvikvm(  236): DroidBox: { "FdAccess": { "path": "2f70726f632f3533302f636d646c696e65", "id": "815734849" } }
W/DroidBox(  236): DroidBox: { "FileRW": { "operation": "read", "data": "636f6d2e616e64726f69642e736d7370757368000000000000000000000000000000000000000000000000000000000000000000000000000000000000000000000000000000000000000000000000000000000000000000000000000000000000000000", "id": "815734849" } }
W/dalvikvm(  236): DroidBox: { "FdAccess": { "path": "2f70726f632f3534332f636d646c696e65", "id": "2005646372" } }
W/DroidBox(  236): DroidBox: { "FileRW": { "operation": "read", "data": "616e64726f69642e70726f636573732e61636f726500000000000000000000000000000000000000000000000000000000000000000000000000000000000000000000000000000000000000000000000000000000000000000000000000000000000000", "id": "2005646372" } }
W/dalvikvm(  236): DroidBox: { "FdAccess": { "path": "2f70726f632f3538372f636d646c696e65", "id": "1676398087" } }
W/DroidBox(  236): DroidBox: { "FileRW": { "operation": "read", "data": "636f6d2e616e64726f69642e63616c656e6461720000000000000000000000000000000000000000000000000000000000000000000000000000000000000000000000000000000000000000000000000000000000000000000000000000000000000000", "id": "1676398087" } }
W/dalvikvm(  236): DroidBox: { "FdAccess": { "path": "2f70726f632f3631302f636d646c696e65", "id": "1498145705" } }
W/DroidBox(  236): DroidBox: { "FileRW": { "operation": "read", "data": "636f6d2e616e64726f69642e6c61756e636865720000000000000000000000000000000000000000000000000000000000000000000000000000000000000000000000000000000000000000000000000000000000000000000000000000000000000000", "id": "1498145705" } }
W/dalvikvm(  236): DroidBox: { "FdAccess": { "path": "2f70726f632f3633352f636d646c696e65", "id": "342425092" } }
W/DroidBox(  236): DroidBox: { "FileRW": { "operation": "read", "data": "636f6d2e616e64726f69642e6465736b636c6f636b00000000000000000000000000000000000000000000000000000000000000000000000000000000000000000000000000000000000000000000000000000000000000000000000000000000000000", "id": "342425092" } }
W/dalvikvm(  236): DroidBox: { "FdAccess": { "path": "2f70726f632f3635362f636d646c696e65", "id": "1753850427" } }
W/DroidBox(  236): DroidBox: { "FileRW": { "operation": "read", "data": "636f6d2e616e64726f69642e70726f7669646572732e63616c656e64617200000000000000000000000000000000000000000000000000000000000000000000000000000000000000000000000000000000000000000000000000000000000000000000", "id": "1753850427" } }
W/dalvikvm(  236): DroidBox: { "FdAccess": { "path": "2f70726f632f3730362f636d646c696e65", "id": "1564193393" } }
W/DroidBox(  236): DroidBox: { "FileRW": { "operation": "read", "data": "636f6d2e616e64726f69642e636f6e74616374730000000000000000000000000000000000000000000000000000000000000000000000000000000000000000000000000000000000000000000000000000000000000000000000000000000000000000", "id": "1564193393" } }
W/dalvikvm(  236): DroidBox: { "FdAccess": { "path": "2f70726f632f3737332f636d646c696e65", "id": "40987336" } }
W/DroidBox(  236): DroidBox: { "FileRW": { "operation": "read", "data": "616e64726f69642e70726f636573732e6d6564696100000000000000000000000000000000000000000000000000000000000000000000000000000000000000000000000000000000000000000000000000000000000000000000000000000000000000", "id": "40987336" } }
W/dalvikvm(  236): DroidBox: { "FdAccess": { "path": "2f70726f632f3830332f636d646c696e65", "id": "2099181606" } }
W/DroidBox(  236): DroidBox: { "FileRW": { "operation": "read", "data": "636f6d2e616e64726f69642e646566636f6e7461696e657200000000000000000000000000000000000000000000000000000000000000000000000000000000000000000000000000000000000000000000000000000000000000000000000000000000", "id": "2099181606" } }
W/dalvikvm(  236): DroidBox: { "FdAccess": { "path": "2f70726f632f3831392f636d646c696e65", "id": "777871673" } }
W/DroidBox(  236): DroidBox: { "FileRW": { "operation": "read", "data": "636f6d2e616e64726f69642e65786368616e67650000000000000000000000000000000000000000000000000000000000000000000000000000000000000000000000000000000000000000000000000000000000000000000000000000000000000000", "id": "777871673" } }
W/dalvikvm(  236): DroidBox: { "FdAccess": { "path": "2f70726f632f3833362f636d646c696e65", "id": "599350051" } }
W/DroidBox(  236): DroidBox: { "FileRW": { "operation": "read", "data": "636f6d2e616e64726f69642e656d61696c0000000000000000000000000000000000000000000000000000000000000000000000000000000000000000000000000000000000000000000000000000000000000000000000000000000000000000000000", "id": "599350051" } }
W/dalvikvm(  236): DroidBox: { "FdAccess": { "path": "2f70726f632f3835372f636d646c696e65", "id": "1255271107" } }
W/DroidBox(  236): DroidBox: { "FileRW": { "operation": "read", "data": "636f6d2e616e64726f69642e67616c6c657279336400000000000000000000000000000000000000000000000000000000000000000000000000000000000000000000000000000000000000000000000000000000000000000000000000000000000000", "id": "1255271107" } }
W/dalvikvm(  236): DroidBox: { "FdAccess": { "path": "2f70726f632f3838312f636d646c696e65", "id": "101717112" } }
W/DroidBox(  236): DroidBox: { "FileRW": { "operation": "read", "data": "636f6d2e616e64726f69642e6d6d7300000000000000000000000000000000000000000000000000000000000000000000000000000000000000000000000000000000000000000000000000000000000000000000000000000000000000000000000000", "id": "101717112" } }
W/dalvikvm(  236): DroidBox: { "FdAccess": { "path": "2f70726f632f3930362f636d646c696e65", "id": "1956549228" } }
W/DroidBox(  236): DroidBox: { "FileRW": { "operation": "read", "data": "636f6d2e616e64726f69642e766f6963656469616c65720000000000000000000000000000000000000000000000000000000000000000000000000000000000000000000000000000000000000000000000000000000000000000000000000000000000", "id": "1956549228" } }
W/dalvikvm(  236): DroidBox: { "FdAccess": { "path": "2f70726f632f3937372f636d646c696e65", "id": "1340181881" } }
W/DroidBox(  236): DroidBox: { "FileRW": { "operation": "read", "data": "636f6d2e616e64726f69642e766f6963656469616c65720000000000000000000000000000000000000000000000000000000000000000000000000000000000000000000000000000000000000000000000000000000000000000000000000000000000", "id": "1340181881" } }
W/dalvikvm(  236): DroidBox: { "FdAccess": { "path": "2f70726f632f3937392f636d646c696e65", "id": "1607523510" } }
W/DroidBox(  236): DroidBox: { "FileRW": { "operation": "read", "data": "636f6d2e616e64726f69642e6d757369636678000000000000000000000000000000000000000000000000000000000000000000000000000000000000000000000000000000000000000000000000000000000000000000000000000000000000000000", "id": "1607523510" } }
W/dalvikvm(  236): DroidBox: { "FdAccess": { "path": "2f70726f632f3939322f636d646c696e65", "id": "849289060" } }
W/DroidBox(  236): DroidBox: { "FileRW": { "operation": "read", "data": "636f6d2e73766f782e7069636f000000000000000000000000000000000000000000000000000000000000000000000000000000000000000000000000000000000000000000000000000000000000000000000000000000000000000000000000000000", "id": "849289060" } }
W/dalvikvm(  236): DroidBox: { "FdAccess": { "path": "2f70726f632f313030362f636d646c696e65", "id": "552062211" } }
W/DroidBox(  236): DroidBox: { "FileRW": { "operation": "read", "data": "636f6d2e616e64726f69642e717569636b736561726368626f780000000000000000000000000000000000000000000000000000000000000000000000000000000000000000000000000000000000000000000000000000000000000000000000000000", "id": "552062211" } }
W/dalvikvm(  236): DroidBox: { "FdAccess": { "path": "2f70726f632f313032312f636d646c696e65", "id": "570501270" } }
W/dalvikvm( 1042): DroidBox: { "FdAccess": { "path": "2f646174612f646174612f636f6d2e66756e6e797468696e6b732e6d637065736b696e646f776e6c6f616465722f63616368652f6164732d3931303430363433372e6a6172", "id": "982175501" } }
W/DroidBox(  236): DroidBox: { "FileRW": { "operation": "read", "data": "636f6d2e616e64726f69642e636f6d6d616e64732e6d6f6e6b657900000000000000000000000000000000000000000000000000000000000000000000000000000000000000000000000000000000000000000000000000000000000000000000000000", "id": "570501270" } }
W/dalvikvm(  236): DroidBox: { "FdAccess": { "path": "2f70726f632f313032332f636d646c696e65", "id": "1012641776" } }
W/DroidBox(  236): DroidBox: { "FileRW": { "operation": "read", "data": "6c6f676361740044726f6964426f783a570064616c76696b766d3a570041637469766974794d616e616765723a49000000000000000000000000000000000000000000000000000000000000000000000000000000000000000000000000000000000000", "id": "1012641776" } }
W/dalvikvm(  236): DroidBox: { "FdAccess": { "path": "2f70726f632f313032352f636d646c696e65", "id": "1352317175" } }
W/DroidBox(  236): DroidBox: { "FileRW": { "operation": "read", "data": "2f73797374656d2f62696e2f7368002d63007368202e2f7364636172642f65786563757465537472616365496e2e736800000000000000000000000000000000000000000000000000000000000000000000000000000000000000000000000000000000", "id": "1352317175" } }
W/dalvikvm(  236): DroidBox: { "FdAccess": { "path": "2f70726f632f313032372f636d646c696e65", "id": "1394772324" } }
W/DroidBox(  236): DroidBox: { "FileRW": { "operation": "read", "data": "7368002e2f7364636172642f65786563757465537472616365496e2e736800786563757465537472616365496e2e736800000000000000000000000000000000000000000000000000000000000000000000000000000000000000000000000000000000", "id": "1394772324" } }
W/dalvikvm(  236): DroidBox: { "FdAccess": { "path": "2f70726f632f313032382f636d646c696e65", "id": "1398894252" } }
W/DroidBox( 1042): DroidBox: { "FileRW": { "operation": "read", "data": "504b0506", "id": "982175501" } }
W/dalvikvm( 1042): DroidBox: { "FdAccess": { "path": "2f646174612f646174612f636f6d2e66756e6e797468696e6b732e6d637065736b696e646f776e6c6f616465722f63616368652f6164732d3931303430363433372e6a6172", "id": "200678731" } }
W/DroidBox( 1042): DroidBox: { "FileRW": { "operation": "read", "data": "0000000003000300efbfbd000000060b00000000", "id": "200678731" } }
W/dalvikvm( 1042): DroidBox: { "FdAccess": { "path": "2f646174612f646174612f636f6d2e66756e6e797468696e6b732e6d637065736b696e646f776e6c6f616465722f63616368652f6164732d3931303430363433372e6a6172", "id": "1610635975" } }
W/DroidBox( 1042): DroidBox: { "FileRW": { "operation": "read", "data": "504b010214001400080008005d4befbfbd420000000002000000000000000900040000000000000000000000000000004d4554412d494e462fefbfbdefbfbd0000504b010214001400080008005d4befbfbd420352efbfbdefbfbd470000004700000014000000000000000000000000", "id": "1610635975" } }
W/DroidBox(  236): DroidBox: { "FileRW": { "operation": "read", "data": "737472616365002d70003539002d66002d747446002d6f002f7364636172642f72616e736f6d312e61706b5f7374726163655f6d6f6e6b65792e747874000000000000000000000000000000000000000000000000000000000000000000000000000000", "id": "1398894252" } }
W/dalvikvm(  236): DroidBox: { "FdAccess": { "path": "2f70726f632f313034322f636d646c696e65", "id": "1682621631" } }
W/DroidBox(  236): DroidBox: { "FileRW": { "operation": "read", "data": "636f6d2e66756e6e797468696e6b732e6d637065736b696e646f776e6c6f61646572000000000000000000000000000000000000000000000000000000000000000000000000000000000000000000000000000000000000000000000000000000000000", "id": "1682621631" } }
W/ActivityManager(  236): Launch timeout has expired, giving up wake lock!
W/dalvikvm(  236): DroidBox: { "FdAccess": { "path": "2f70726f632f313037342f636d646c696e65", "id": "1178715730" } }
W/DroidBox(  236): DroidBox: { "FileRW": { "operation": "read", "data": "2f73797374656d2f62696e2f6465786f7074002d2d6465780032380035360034300035303732002f646174612f646174612f636f6d2e66756e6e797468696e6b732e6d637065736b696e646f776e6c6f616465722f63616368652f6164732d3931303430", "id": "1178715730" } }
V/PhoneStatusBar(  405): setLightsOn(true)
E/WVMExtractor(   61): Failed to open libwvm.so
W/dalvikvm( 1042): DroidBox: { "FdAccess": { "path": "2f70726f632f6d656d696e666f", "id": "1002663826" } }
W/DroidBox( 1042): DroidBox: { "FileRW": { "operation": "read", "data": "4d656d546f74616c3a202020202020202020373438393634206b420a4d656d467265653a20202020202020202020343437383332206b420a427566666572733a20202020202020202020202035343736206b420a4361636865643a202020202020202020", "id": "1002663826" } }
W/dalvikvm( 1042): DroidBox: { "FdAccess": { "path": "2f70726f632f6d656d696e666f", "id": "1028437417" } }
W/DroidBox( 1042): DroidBox: { "FileRW": { "operation": "read", "data": "4d656d546f74616c3a202020202020202020373438393634206b420a4d656d467265653a20202020202020202020343436373136206b420a427566666572733a20202020202020202020202035343736206b420a4361636865643a202020202020202020", "id": "1028437417" } }
W/dalvikvm( 1042): DroidBox: { "FdAccess": { "path": "2f70726f632f6d656d696e666f", "id": "682019188" } }
