W/DroidBox( 1042): DroidBox: { "FileRW": { "operation": "read", "data": "4d656d546f74616c3a202020202020202020373438393634206b420a4d656d467265653a20202020202020202020343435333532206b420a427566666572733a20202020202020202020202035343736206b420a4361636865643a202020202020202020", "id": "682019188" } }
I/Process (  236): Sending signal. PID: 610 SIG: 3
I/Choreographer( 1042): Skipped 225 frames!  The application may be doing too much work on its main thread.
W/ActivityManager(  236): Activity idle timeout for ActivityRecord{b3ff7710 com.funnythinks.mcpeskindownloader/.SplashActivity}
I/Process (  236): Sending signal. PID: 773 SIG: 3
W/dalvikvm(  236): DroidBox: { "FdAccess": { "path": "2f70726f632f313037342f636d646c696e65", "id": "204464400" } }
W/DroidBox(  236): DroidBox: { "FileRW": { "operation": "read", "data": "2f73797374656d2f62696e2f6465786f7074002d2d6465780032380035360034300035303732002f646174612f646174612f636f6d2e66756e6e797468696e6b732e6d637065736b696e646f776e6c6f616465722f63616368652f6164732d3931303430", "id": "204464400" } }
E/ActivityManager(  236): ANR in com.funnythinks.mcpeskindownloader (com.funnythinks.mcpeskindownloader/.MainActivity)
E/ActivityManager(  236): Reason: keyDispatchingTimedOut
E/ActivityManager(  236): Load: 6.37 / 2.26 / 0.81
E/ActivityManager(  236): CPU usage from 2330ms to -3650ms ago:
E/ActivityManager(  236):   34% 236/system_server: 26% user + 8.4% kernel / faults: 2713 minor 1 major
E/ActivityManager(  236):   27% 1028/strace: 7.6% user + 20% kernel
E/ActivityManager(  236):   13% 1042/com.funnythinks.mcpeskindownloader: 7.6% user + 5.4% kernel / faults: 1296 minor 3 major
E/ActivityManager(  236):   5.3% 61/mediaserver: 1.5% user + 3.8% kernel
E/ActivityManager(  236):   4.8% 67/adbd: 0.3% user + 4.5% kernel / faults: 888 minor
E/ActivityManager(  236):   2.8% 610/com.android.launcher: 1.1% user + 1.6% kernel / faults: 1774 minor 2 major
E/ActivityManager(  236):   2.2% 1023/logcat: 0.6% user + 1.5% kernel
E/ActivityManager(  236):   1.6% 476/com.android.phone: 0.5% user + 1.1% kernel / faults: 162 minor
E/ActivityManager(  236):   1.1% 773/android.process.media: 0.8% user + 0.3% kernel / faults: 188 minor 1 major
E/ActivityManager(  236):   0.8% 58/surfaceflinger: 0.3% user + 0.5% kernel / faults: 375 minor
E/ActivityManager(  236):   0.6% 405/com.android.systemui: 0.1% user + 0.5% kernel / faults: 85 minor
E/ActivityManager(  236):   0.6% 857/com.android.gallery3d: 0.6% user + 0% kernel / faults: 18 minor
E/ActivityManager(  236):   0.5% 25/mtdblock0: 0% user + 0.5% kernel
E/ActivityManager(  236):   0.5% 26/mtdblock1: 0% user + 0.5% kernel
E/ActivityManager(  236):   0.5% 543/android.process.acore: 0.5% user + 0% kernel / faults: 6 minor
E/ActivityManager(  236):   0.3% 4/kworker/0:0: 0% user + 0.3% kernel
E/ActivityManager(  236):   0.3% 906/com.android.voicedialer: 0.3% user + 0% kernel / faults: 3 minor
E/ActivityManager(  236):   0.1% 40/jbd2/mtdblock1-: 0% user + 0.1% kernel
E/ActivityManager(  236):   0.1% 706/com.android.contacts: 0.1% user + 0% kernel
E/ActivityManager(  236):   0.1% 1006/com.android.quicksearchbox: 0% user + 0.1% kernel / faults: 1 minor
E/ActivityManager(  236):  +0% 1074/dexopt: 0% user + 0% kernel
E/ActivityManager(  236): 100% TOTAL: 50% user + 49% kernel
E/ActivityManager(  236): CPU usage from 2625ms to 3237ms later:
E/ActivityManager(  236):   32% 1028/strace: 6.2% user + 26% kernel
E/ActivityManager(  236):   21% 236/system_server: 14% user + 7.8% kernel
E/ActivityManager(  236):     10% 323/InputDispatcher: 4.6% user + 6.2% kernel
E/ActivityManager(  236):     3.1% 609/Binder_9: 3.1% user + 0% kernel
E/ActivityManager(  236):     1.5% 246/Binder_1: 0% user + 1.5% kernel
E/ActivityManager(  236):     1.5% 247/Binder_2: 1.5% user + 0% kernel
E/ActivityManager(  236):     1.5% 253/PackageManager: 1.5% user + 0% kernel
E/ActivityManager(  236):     1.5% 449/Binder_3: 1.5% user + 0% kernel
E/ActivityManager(  236):     1.5% 558/Binder_4: 0% user + 1.5% kernel
E/ActivityManager(  236):     1.5% 560/Binder_5: 1.5% user + 0% kernel
E/ActivityManager(  236):   11% 610/com.android.launcher: 3.2% user + 8% kernel / faults: 1467 minor
E/ActivityManager(  236):     11% 610/ndroid.launcher: 3.2% user + 8% kernel
E/ActivityManager(  236):   9.3% 1042/com.funnythinks.mcpeskindownloader: 4.6% user + 4.6% kernel / faults: 290 minor
E/ActivityManager(  236):     7.8% 1042/eskindownloader: 4.6% user + 3.1% kernel
E/ActivityManager(  236):     1.5% 1075/Binder_4: 0% user + 1.5% kernel
E/ActivityManager(  236):   7.9% 61/mediaserver: 4.7% user + 3.1% kernel
E/ActivityManager(  236):     7.9% 356/Binder_3: 4.7% user + 3.1% kernel
E/ActivityManager(  236):     1.5% 355/Binder_2: 0% user + 1.5% kernel
E/ActivityManager(  236):   6.2% 1074/dexopt: 4.6% user + 1.5% kernel / faults: 184 minor
E/ActivityManager(  236):   0.4% 26/mtdblock1: 0% user + 0.4% kernel
E/ActivityManager(  236):   0.4% 40/jbd2/mtdblock1-: 0% user + 0.4% kernel
E/ActivityManager(  236):   1.5% 67/adbd: 0% user + 1.5% kernel / faults: 52 minor
E/ActivityManager(  236):     1.5% 221/adbd: 0% user + 1.5% kernel
E/ActivityManager(  236):   0.5% 405/com.android.systemui: 0% user + 0.5% kernel / faults: 1 minor
E/ActivityManager(  236):     0.5% 419/Binder_2: 0% user + 0.5% kernel
E/ActivityManager(  236):   0.7% 773/android.process.media: 0.7% user + 0% kernel / faults: 13 minor
E/ActivityManager(  236):     0.7% 880/MediaScannerSer: 0.7% user + 0% kernel
E/ActivityManager(  236):   0.9% 1023/logcat: 0.9% user + 0% kernel
E/ActivityManager(  236): 100% TOTAL: 44% user + 55% kernel
I/InputDispatcher(  236): Dropped event because it is stale.
W/InputManager(  236): Input event injection from pid 1021 failed.
W/dalvikvm(  236): DroidBox: { "FdAccess": { "path": "2f646174612f616e722f7472616365732e747874", "id": "2134171180" } }
W/DroidBox(  236): DroidBox: { "FileRW": { "operation": "read", "data": "0a0a2d2d2d2d2d207069642032333620617420323032332d31322d33302031353a30363a3330202d2d2d2d2d0a436d64206c696e653a2073797374656d5f7365727665720a0a44414c56494b20544852454144533a0a286d7574657865733a20746c6c3d", "id": "2134171180" } }
I/dalvikvm-heap(  236): Grow heap (frag case) to 12.281MB for 349536-byte allocation
I/dalvikvm-heap(  236): Grow heap (frag case) to 12.737MB for 393236-byte allocation
W/ActivityManager(  236): Activity idle timeout for ActivityRecord{b40eebd8 com.funnythinks.mcpeskindownloader/.MainActivity}
E/WVMExtractor(   61): Failed to open libwvm.so
I/Choreographer( 1042): Skipped 660 frames!  The application may be doing too much work on its main thread.
W/DroidBox( 1042): DroidBox: { "CryptoUsage": { "operation": "keyalgo", "key": "26, -93, 67, 75, -71, -87, -56, 40, 74, 119, -58, 102, -27, 48, 51, -108", "algorithm": "AES" } }
W/DroidBox( 1042): DroidBox: { "CryptoUsage": { "operation": "decryption", "algorithm": "AES/CBC/PKCS5Padding", "data": "com.google.android.ads.zxxz.a" } }
W/DroidBox( 1042): DroidBox: { "CryptoUsage": { "operation": "keyalgo", "key": "26, -93, 67, 75, -71, -87, -56, 40, 74, 119, -58, 102, -27, 48, 51, -108", "algorithm": "AES" } }
W/DroidBox( 1042): DroidBox: { "CryptoUsage": { "operation": "decryption", "algorithm": "AES/CBC/PKCS5Padding", "data": "com.google.android.ads.zxxz.d" } }
E/WVMExtractor(   61): Failed to open libwvm.so
W/DroidBox( 1042): DroidBox: { "CryptoUsage": { "operation": "keyalgo", "key": "26, -93, 67, 75, -71, -87, -56, 40, 74, 119, -58, 102, -27, 48, 51, -108", "algorithm": "AES" } }
W/DroidBox( 1042): DroidBox: { "CryptoUsage": { "operation": "decryption", "algorithm": "AES/CBC/PKCS5Padding", "data": "com.google.android.ads.zxxz.c" } }
W/DroidBox( 1042): DroidBox: { "CryptoUsage": { "operation": "keyalgo", "key": "26, -93, 67, 75, -71, -87, -56, 40, 74, 119, -58, 102, -27, 48, 51, -108", "algorithm": "AES" } }
W/DroidBox( 1042): DroidBox: { "CryptoUsage": { "operation": "decryption", "algorithm": "AES/CBC/PKCS5Padding", "data": "com.google.android.ads.zxxz.e" } }
W/DroidBox( 1042): DroidBox: { "CryptoUsage": { "operation": "keyalgo", "key": "26, -93, 67, 75, -71, -87, -56, 40, 74, 119, -58, 102, -27, 48, 51, -108", "algorithm": "AES" } }
W/DroidBox( 1042): DroidBox: { "CryptoUsage": { "operation": "decryption", "algorithm": "AES/CBC/PKCS5Padding", "data": "com.google.android.ads.zxxz.b" } }
W/DroidBox( 1042): DroidBox: { "CryptoUsage": { "operation": "keyalgo", "key": "26, -93, 67, 75, -71, -87, -56, 40, 74, 119, -58, 102, -27, 48, 51, -108", "algorithm": "AES" } }
W/DroidBox( 1042): DroidBox: { "CryptoUsage": { "operation": "decryption", "algorithm": "AES/CBC/PKCS5Padding", "data": "a" } }
W/DroidBox( 1042): DroidBox: { "CryptoUsage": { "operation": "keyalgo", "key": "26, -93, 67, 75, -71, -87, -56, 40, 74, 119, -58, 102, -27, 48, 51, -108", "algorithm": "AES" } }
W/DroidBox( 1042): DroidBox: { "CryptoUsage": { "operation": "decryption", "algorithm": "AES/CBC/PKCS5Padding", "data": "a" } }
W/DroidBox( 1042): DroidBox: { "CryptoUsage": { "operation": "keyalgo", "key": "26, -93, 67, 75, -71, -87, -56, 40, 74, 119, -58, 102, -27, 48, 51, -108", "algorithm": "AES" } }
W/DroidBox( 1042): DroidBox: { "CryptoUsage": { "operation": "decryption", "algorithm": "AES/CBC/PKCS5Padding", "data": "a" } }
W/DroidBox( 1042): DroidBox: { "CryptoUsage": { "operation": "keyalgo", "key": "26, -93, 67, 75, -71, -87, -56, 40, 74, 119, -58, 102, -27, 48, 51, -108", "algorithm": "AES" } }
W/DroidBox( 1042): DroidBox: { "CryptoUsage": { "operation": "decryption", "algorithm": "AES/CBC/PKCS5Padding", "data": "a" } }
W/DroidBox( 1042): DroidBox: { "CryptoUsage": { "operation": "keyalgo", "key": "26, -93, 67, 75, -71, -87, -56, 40, 74, 119, -58, 102, -27, 48, 51, -108", "algorithm": "AES" } }
W/DroidBox( 1042): DroidBox: { "CryptoUsage": { "operation": "decryption", "algorithm": "AES/CBC/PKCS5Padding", "data": "a" } }
E/WVMExtractor(   61): Failed to open libwvm.so
W/dalvikvm( 1042): DroidBox: { "FdAccess": { "path": "2f6465762f7572616e646f6d", "id": "1783324386" } }
W/DroidBox( 1042): DroidBox: { "FileRW": { "operation": "read", "data": "efbfbdefbfbdefbfbd174c04efbfbd775578efbfbd5a66efbfbdefbfbd68efbfbd1925efbfbd", "id": "1783324386" } }
W/dalvikvm( 1042): DroidBox: { "FdAccess": { "path": "2f6465762f7572616e646f6d", "id": "1307363785" } }
W/DroidBox( 1042): DroidBox: { "FileRW": { "operation": "read", "data": "2624efbfbd12efbfbdefbfbd291b361146efbfbdefbfbdefbfbd52531befbfbd2b", "id": "1307363785" } }
I/Ads     ( 1042): adRequestUrlHtml: <html><head><script src="http://media.admob.com/sdk-core-v40.js"></script><script>AFMA_getSdkConstants();AFMA_buildAdURL({"preqs":0,"session_id":"14172564812045465042","seq_num":"1","slotname":"a153391d9b46f2c","u_w":320,"msid":"com.funnythinks.mcpeskindownloader","cap":"m,a","js":"afma-sdk-a-v6.4.1","bas_off":0,"net":"ed","app_name":"8.android.com.funnythinks.mcpeskindownloader","hl":"en","smart_w":"full","gnt":3,"carrier":"310260","u_audio":1,"u_sd":1.5,"ms":"vHdQWzGcxD69pkptWums2U-WXsLvaJPCSQKtluGIymPzPXQb0bu0e2N4AZd1DkitBlIDs-ov7MYZi_kJ2oUiZ2Tjv-I4-YN52Ss84h2J5Z5luPzPgU_J7WSuF1-ysVadELTkLaUTRwa8ekQShLs7AFqh4_hA6aJbyXnI8MnhrJB_c3eNxY0OOWbiaxuomGZJp28v6rYSuQxfSDT7NsufMTWnyP1SckNx4-lp22e57gYpxOWqsfQxt2zdurwBG4ocsL9XwlL3EYoCMRaxZw9SE04zpeB_DusN0uE5AWnfAidrw3gSpWC_Yw0bCpTlH3zAWaoHjnVIkCtDpGj2FMF7pA","isu":"856D8CB8A8B0B3314DCD73E564463AC4","format":"320x50_mb","oar":0,"smart_h":"auto","ad_pos":{"height":0,"visible":1,"y":763,"x":239,"width":0},"u_h":533,"pt":1,"bas_on":0,"ptime":0});</script></head><body></body></html>
I/ActivityManager(  236): Displayed com.funnythinks.mcpeskindownloader/.MainActivity: +12s295ms (total +14s563ms)
I/Choreographer(  236): Skipped 31 frames!  The application may be doing too much work on its main thread.
I/qtaguid (  236): Failed write_ctrl(s 0 10019) res=-1 errno=1
W/NetworkManagementSocketTagger(  236): setKernelCountSet(10019, 0) failed with errno -1
E/WVMExtractor(   61): Failed to open libwvm.so
I/Choreographer( 1042): Skipped 133 frames!  The application may be doing too much work on its main thread.
E/WVMExtractor(   61): Failed to open libwvm.so
E/WVMExtractor(   61): Failed to open libwvm.so
E/WVMExtractor(   61): Failed to open libwvm.so
E/WVMExtractor(   61): Failed to open libwvm.so
E/WVMExtractor(   61): Failed to open libwvm.so
E/WVMExtractor(   61): Failed to open libwvm.so
E/WVMExtractor(   61): Failed to open libwvm.so
E/WVMExtractor(   61): Failed to open libwvm.so
E/WVMExtractor(   61): Failed to open libwvm.so
E/WVMExtractor(   61): Failed to open libwvm.so
E/WVMExtractor(   61): Failed to open libwvm.so
E/WVMExtractor(   61): Failed to open libwvm.so
E/WVMExtractor(   61): Failed to open libwvm.so
W/BackupManagerService(  236): dataChanged but no participant pkg='com.android.providers.settings' uid=1001
W/dalvikvm( 1021): DroidBox: { "FdAccess": { "path": "706970653a5b353031315d", "id": "1119584596" } }
W/DroidBox( 1021): DroidBox: { "FileRW": { "operation": "read", "data": "20205049442020202020205673732020202020205273732020202020205073732020202020205573732020636d646c696e650a203130343220202036313838384b20202036313738304b20202032373630394b20202032303939324b2020636f6d2e6675", "id": "1119584596" } }
E/WVMExtractor(   61): Failed to open libwvm.so
W/dalvikvm( 1021): DroidBox: { "FdAccess": { "path": "706970653a5b353031315d", "id": "1997434991" } }
W/DroidBox( 1021): DroidBox: { "FileRW": { "operation": "read", "data": "00000000000000000000000000000000000000000000000000000000000000000000000000000000000000000000000000000000000000000000000000000000000000000000000000000000000000000000000000000000000000000000000000000000", "id": "1997434991" } }
E/WVMExtractor(   61): Failed to open libwvm.so
E/WVMExtractor(   61): Failed to open libwvm.so
E/WVMExtractor(   61): Failed to open libwvm.so
E/WVMExtractor(   61): Failed to open libwvm.so
E/WVMExtractor(   61): Failed to open libwvm.so
E/WVMExtractor(   61): Failed to open libwvm.so
E/WVMExtractor(   61): Failed to open libwvm.so
E/WVMExtractor(   61): Failed to open libwvm.so
E/WVMExtractor(   61): Failed to open libwvm.so
E/WVMExtractor(   61): Failed to open libwvm.so
E/WVMExtractor(   61): Failed to open libwvm.so
E/WVMExtractor(   61): Failed to open libwvm.so
E/WVMExtractor(   61): Failed to open libwvm.so
E/WVMExtractor(   61): Failed to open libwvm.so
E/WVMExtractor(   61): Failed to open libwvm.so
E/WVMExtractor(   61): Failed to open libwvm.so
E/WVMExtractor(   61): Failed to open libwvm.so
E/WVMExtractor(   61): Failed to open libwvm.so
W/Ads     ( 1042): Invalid admob request error: Non google play services version of AdMob Android SDK is deprecated. Please update your SDK to the most recent SDK version to get the latest features and bug fixes. The latest SDK can be downloaded from http://goo.gl/r2TRzC .
E/WVMExtractor(   61): Failed to open libwvm.so
D/webviewglue( 1042): nativeDestroy view: 0xb77086c8
I/Ads     ( 1042): onFailedToReceiveAd(Invalid Ad request.)
W/dalvikvm( 1021): DroidBox: { "FdAccess": { "path": "706970653a5b353234305d", "id": "1283236357" } }
W/DroidBox( 1021): DroidBox: { "FileRW": { "operation": "read", "data": "0a0a2d2d2d2d2d207069642032333620617420323032332d31322d33302031353a30363a3330202d2d2d2d2d0a436d64206c696e653a2073797374656d5f7365727665720a0a44414c56494b20544852454144533a0a286d7574657865733a20746c6c3d", "id": "1283236357" } }
W/dalvikvm( 1021): DroidBox: { "FdAccess": { "path": "706970653a5b353234305d", "id": "435765473" } }
W/DroidBox( 1021): DroidBox: { "FileRW": { "operation": "read", "data": "696c732e736f0a20202330372020706320303030313264623020202f73797374656d2f6c69622f6c6962632e736f20285f5f7468726561645f656e7472792b3438290a20202330382020706320303030313235313420202f73797374656d2f6c69622f6c", "id": "435765473" } }
W/dalvikvm( 1021): DroidBox: { "FdAccess": { "path": "706970653a5b353234305d", "id": "859943483" } }
W/DroidBox( 1021): DroidBox: { "FileRW": { "operation": "read", "data": "6572536572766963652e6a6176613a343638290a2020617420616e64726f69642e68617264776172652e696e7075742e49496e7075744d616e6167657224537475622e6f6e5472616e736163742849496e7075744d616e616765722e6a6176613a313134", "id": "859943483" } }
E/WVMExtractor(   61): Failed to open libwvm.so
E/WVMExtractor(   61): Failed to open libwvm.so
E/WVMExtractor(   61): Failed to open libwvm.so
W/dalvikvm( 1021): DroidBox: { "FdAccess": { "path": "706970653a5b353234305d", "id": "1198430455" } }
W/DroidBox( 1021): DroidBox: { "FileRW": { "operation": "read", "data": "30353834623920202f73797374656d2f6c69622f6c696264766d2e736f0a20202331322020706320303030313264623020202f73797374656d2f6c69622f6c6962632e736f20285f5f7468726561645f656e7472792b3438290a20202331332020706320", "id": "1198430455" } }
E/WVMExtractor(   61): Failed to open libwvm.so
W/dalvikvm( 1021): DroidBox: { "FdAccess": { "path": "706970653a5b353234305d", "id": "1693261432" } }
W/DroidBox( 1021): DroidBox: { "FileRW": { "operation": "read", "data": "4a56616c75652a2c207374643a3a5f5f76615f6c697374292b343230290a20202331302020706320303030363339663920202f73797374656d2f6c69622f6c696264766d2e736f202864766d43616c6c4d6574686f64285468726561642a2c204d657468", "id": "1693261432" } }
E/WVMExtractor(   61): Failed to open libwvm.so
W/dalvikvm( 1021): DroidBox: { "FdAccess": { "path": "706970653a5b353234305d", "id": "1034584843" } }
W/DroidBox( 1021): DroidBox: { "FileRW": { "operation": "read", "data": "766d2e736f202864766d496e74657270726574506f727461626c65285468726561642a292b31323238290a20202330382020706320303030326531653420202f73797374656d2f6c69622f6c696264766d2e736f202864766d496e746572707265742854", "id": "1034584843" } }
E/WVMExtractor(   61): Failed to open libwvm.so
E/WVMExtractor(   61): Failed to open libwvm.so
W/dalvikvm( 1021): DroidBox: { "FdAccess": { "path": "706970653a5b353234305d", "id": "1735556649" } }
W/DroidBox( 1021): DroidBox: { "FileRW": { "operation": "read", "data": "6264766d2e736f202864766d43616c6c4a4e494d6574686f6428756e7369676e656420696e7420636f6e73742a2c204a56616c75652a2c204d6574686f6420636f6e73742a2c205468726561642a292b343132290a202023303620207063203030303363", "id": "1735556649" } }
E/WVMExtractor(   61): Failed to open libwvm.so
E/WVMExtractor(   61): Failed to open libwvm.so
W/dalvikvm( 1021): DroidBox: { "FdAccess": { "path": "706970653a5b353234305d", "id": "994558752" } }
W/DroidBox( 1021): DroidBox: { "FileRW": { "operation": "read", "data": "3020202f73797374656d2f6c69622f6c696264766d2e736f202864766d506c6174666f726d496e766f6b652b313132290a20202330342020706320303030353131323120202f73797374656d2f6c69622f6c696264766d2e736f202864766d43616c6c4a", "id": "994558752" } }
E/WVMExtractor(   61): Failed to open libwvm.so
E/WVMExtractor(   61): Failed to open libwvm.so
E/WVMExtractor(   61): Failed to open libwvm.so
W/dalvikvm( 1021): DroidBox: { "FdAccess": { "path": "706970653a5b353234305d", "id": "1615440831" } }
W/DroidBox( 1021): DroidBox: { "FileRW": { "operation": "read", "data": "622f6c6962616e64726f69645f72756e74696d652e736f2028616e64726f69643a3a416e64726f696452756e74696d653a3a6a6176615468726561645368656c6c28766f69642a292b3636290a20202330362020706320303030313061373520202f7379", "id": "1615440831" } }
E/WVMExtractor(   61): Failed to open libwvm.so
W/BackupManagerService(  236): dataChanged but no participant pkg='com.android.providers.settings' uid=10011
E/WVMExtractor(   61): Failed to open libwvm.so
E/MetadataRetrieverClient(   61): failed to extract an album art
W/dalvikvm( 1021): DroidBox: { "FdAccess": { "path": "706970653a5b353234305d", "id": "1845876561" } }
W/DroidBox( 1021): DroidBox: { "FileRW": { "operation": "read", "data": "6d2f6c69622f6c696264766d2e736f202864766d43616c6c4d6574686f64285468726561642a2c204d6574686f6420636f6e73742a2c204f626a6563742a2c204a56616c75652a2c202e2e2e292b3230290a202023313120207063203030303538346239", "id": "1845876561" } }
E/WVMExtractor(   61): Failed to open libwvm.so
E/WVMExtractor(   61): Failed to open libwvm.so
W/dalvikvm( 1021): DroidBox: { "FdAccess": { "path": "706970653a5b353234305d", "id": "1932602344" } }
W/DroidBox( 1021): DroidBox: { "FileRW": { "operation": "read", "data": "285f5f7468726561645f656e7472792b3438290a20202331312020706320303030313235313420202f73797374656d2f6c69622f6c6962632e736f2028707468726561645f6372656174652b313732290a2020617420616e64726f69642e6f732e46696c", "id": "1932602344" } }
E/WVMExtractor(   61): Failed to open libwvm.so
E/WVMExtractor(   61): Failed to open libwvm.so
E/WVMExtractor(   61): Failed to open libwvm.so
W/dalvikvm( 1021): DroidBox: { "FdAccess": { "path": "706970653a5b353234305d", "id": "1893478228" } }
W/DroidBox( 1021): DroidBox: { "FileRW": { "operation": "read", "data": "696e616c697a65724461656d6f6e22206461656d6f6e207072696f3d35207469643d3620574149540a20207c2067726f75703d2273797374656d222073436f756e743d31206473436f756e743d30206f626a3d307862336463663832302073656c663d30", "id": "1893478228" } }
E/WVMExtractor(   61): Failed to open libwvm.so
E/WVMExtractor(   61): Failed to open libwvm.so
E/WVMExtractor(   61): Failed to open libwvm.so
W/dalvikvm( 1021): DroidBox: { "FdAccess": { "path": "706970653a5b353234305d", "id": "1272507910" } }
W/DroidBox( 1021): DroidBox: { "FileRW": { "operation": "read", "data": "2e736f20285f5f7468726561645f656e7472792b3438290a20202330392020706320303030313235313420202f73797374656d2f6c69622f6c6962632e736f2028707468726561645f6372656174652b313732290a202061742064616c76696b2e737973", "id": "1272507910" } }
E/WVMExtractor(   61): Failed to open libwvm.so
E/WVMExtractor(   61): Failed to open libwvm.so
E/WVMExtractor(   61): Failed to open libwvm.so
W/dalvikvm( 1021): DroidBox: { "FdAccess": { "path": "706970653a5b353234305d", "id": "161343631" } }
W/DroidBox( 1021): DroidBox: { "FileRW": { "operation": "read", "data": "73797374656d2f6c69622f6c69627574696c732e736f2028616e64726f69643a3a4c6f6f7065723a3a706f6c6c496e6e657228696e74292b3936290a20202330322020706320303030313439616420202f73797374656d2f6c69622f6c69627574696c73", "id": "161343631" } }
E/WVMExtractor(   61): Failed to open libwvm.so
E/WVMExtractor(   61): Failed to open libwvm.so
W/dalvikvm( 1021): DroidBox: { "FdAccess": { "path": "706970653a5b353234305d", "id": "1270270124" } }
W/DroidBox( 1021): DroidBox: { "FileRW": { "operation": "read", "data": "74284e6174697665204d6574686f64290a20202d2077616974696e67206f6e203c307862336533656637303e202861206a6176612e6c616e672e564d546872656164292068656c64206279207469643d313620284173796e635461736b202331290a2020", "id": "1270270124" } }
E/WVMExtractor(   61): Failed to open libwvm.so
E/WVMExtractor(   61): Failed to open libwvm.so
E/WVMExtractor(   61): Failed to open libwvm.so
W/dalvikvm( 1021): DroidBox: { "FdAccess": { "path": "706970653a5b353234305d", "id": "357466662" } }
W/DroidBox( 1021): DroidBox: { "FileRW": { "operation": "read", "data": "30333130323420202f73797374656d2f6c69622f6c696264766d2e736f202864766d496e74657270726574506f727461626c65285468726561642a292b31323238290a20202330372020706320303030326531653420202f73797374656d2f6c69622f6c", "id": "357466662" } }
E/WVMExtractor(   61): Failed to open libwvm.so
E/WVMExtractor(   61): Failed to open libwvm.so
W/dalvikvm( 1021): DroidBox: { "FdAccess": { "path": "706970653a5b353234305d", "id": "1451893536" } }
W/DroidBox( 1021): DroidBox: { "FileRW": { "operation": "read", "data": "3d300a2020617420616e64726f69642e67726170686963732e4269746d6170466163746f72792e6e61746976654465636f64654173736574284e6174697665204d6574686f64290a2020617420616e64726f69642e67726170686963732e4269746d6170", "id": "1451893536" } }
E/WVMExtractor(   61): Failed to open libwvm.so
E/WVMExtractor(   61): Failed to open libwvm.so
E/WVMExtractor(   61): Failed to open libwvm.so
W/dalvikvm(  236): DroidBox: { "FdAccess": { "path": "2f70726f632f3233362f6e65742f78745f717461677569642f69666163655f737461745f616c6c", "id": "1521193475" } }
W/DroidBox(  236): DroidBox: { "FileRW": { "operation": "read", "data": "6574683020312030203020302030203239303434373020333533312034303934353820323537360a6c6f20312030203020302030203335333620343920333533362034390a00000000000000000000000000000000000000000000000000000000000000", "id": "1521193475" } }
W/dalvikvm( 1021): DroidBox: { "FdAccess": { "path": "706970653a5b353234305d", "id": "392536409" } }
W/dalvikvm(  236): DroidBox: { "FdAccess": { "path": "2f70726f632f3233362f6e65742f78745f717461677569642f69666163655f737461745f616c6c", "id": "1618446078" } }
W/DroidBox(  236): DroidBox: { "FileRW": { "operation": "read", "data": "34390a362034390a34390a362034390a390a390a390a390a390a34390a362034390a3533362034390a362034390a333533362034390a390a390a390a390a390a362034390a00000000000000000000000000000000000000000000000000000000000000", "id": "1618446078" } }
W/ThrottleService(  236): unable to find stats for iface rmnet0
W/DroidBox( 1021): DroidBox: { "FileRW": { "operation": "read", "data": "696f63746c2b38290a20202330312020706320303030323766346420202f73797374656d2f6c69622f6c6962632e736f2028696f63746c2b3136290a20202330322020706320303030313663363920202f73797374656d2f6c69622f6c696262696e6465", "id": "392536409" } }
E/ThrottleService(  236): Error reading data file
E/WVMExtractor(   61): Failed to open libwvm.so
E/WVMExtractor(   61): Failed to open libwvm.so
E/WVMExtractor(   61): Failed to open libwvm.so
W/dalvikvm( 1021): DroidBox: { "FdAccess": { "path": "706970653a5b353234305d", "id": "482918176" } }
W/DroidBox( 1021): DroidBox: { "FileRW": { "operation": "read", "data": "6574537472696e67426c6f636b436f756e74284e6174697665204d6574686f64290a2020617420616e64726f69642e636f6e74656e742e7265732e41737365744d616e616765722e6d616b65537472696e67426c6f636b732841737365744d616e616765", "id": "482918176" } }
E/WVMExtractor(   61): Failed to open libwvm.so
E/WVMExtractor(   61): Failed to open libwvm.so
E/WVMExtractor(   61): Failed to open libwvm.so
E/WVMExtractor(   61): Failed to open libwvm.so
W/dalvikvm( 1021): DroidBox: { "FdAccess": { "path": "706970653a5b353234305d", "id": "781320521" } }
W/DroidBox( 1021): DroidBox: { "FileRW": { "operation": "read", "data": "363320292075746d3d342073746d3d3220636f72653d300a20206174206a6176612e6c616e672e4f626a6563742e77616974284e6174697665204d6574686f64290a20202d2077616974696e67206f6e203c307862333537343065303e202861206a6176", "id": "781320521" } }
E/WVMExtractor(   61): Failed to open libwvm.so
W/dalvikvm( 1021): DroidBox: { "FdAccess": { "path": "706970653a5b353234305d", "id": "25050560" } }
W/DroidBox( 1021): DroidBox: { "FileRW": { "operation": "read", "data": "39376420202f73797374656d2f6c69622f6c69626d656469612e736f2028616e64726f69643a3a4d656469615363616e6e65723a3a646f50726f636573734469726563746f727928636861722a2c20696e742c20616e64726f69643a3a4d656469615363", "id": "25050560" } }
E/WVMExtractor(   61): Failed to open libwvm.so
E/WVMExtractor(   61): Failed to open libwvm.so
W/dalvikvm( 1021): DroidBox: { "FdAccess": { "path": "706970653a5b353234305d", "id": "124988726" } }
W/DroidBox( 1021): DroidBox: { "FileRW": { "operation": "read", "data": "3734313320202f73797374656d2f6c69622f6c696264766d2e736f0a20202330342020706320303030353762616620202f73797374656d2f6c69622f6c696264766d2e736f0a20202330352020706320303030313264623020202f73797374656d2f6c69", "id": "124988726" } }
E/WVMExtractor(   61): Failed to open libwvm.so
W/dalvikvm( 1021): DroidBox: { "FdAccess": { "path": "706970653a5b353234305d", "id": "998104326" } }
W/DroidBox( 1021): DroidBox: { "FileRW": { "operation": "read", "data": "76696365245365727669636548616e646c65722e68616e646c654d657373616765284d656469615363616e6e6572536572766963652e6a6176613a323631290a2020617420616e64726f69642e6f732e48616e646c65722e64697370617463684d657373", "id": "998104326" } }
E/WVMExtractor(   61): Failed to open libwvm.so
E/WVMExtractor(   61): Failed to open libwvm.so
W/dalvikvm(  236): DroidBox: { "FdAccess": { "path": "706970653a5b353239375d", "id": "128631893" } }
W/DroidBox(  236): DroidBox: { "FileRW": { "operation": "write", "data": "4170706c69636174696f6e73204d656d6f727920557361676520286b42293a0a557074696d653a20313434343535205265616c74696d653a203134343435350a0a546f74616c205053532062792070726f636573733a0a202020203238343334206b423a", "id": "128631893" } }
W/dalvikvm( 1021): DroidBox: { "FdAccess": { "path": "706970653a5b353239375d", "id": "1131144974" } }
W/DroidBox( 1021): DroidBox: { "FileRW": { "operation": "read", "data": "4170706c69636174696f6e73204d656d6f727920557361676520286b42293a0a557074696d653a20313434343535205265616c74696d653a203134343435350a0a546f74616c205053532062792070726f636573733a0a202020203238343334206b423a", "id": "1131144974" } }
E/WVMExtractor(   61): Failed to open libwvm.so
W/dalvikvm( 1021): DroidBox: { "FdAccess": { "path": "706970653a5b353239375d", "id": "1122784755" } }
W/DroidBox( 1021): DroidBox: { "FileRW": { "operation": "read", "data": "00000000000000000000000000000000000000000000000000000000000000000000000000000000000000000000000000000000000000000000000000000000000000000000000000000000000000000000000000000000000000000000000000000000", "id": "1122784755" } }
I/AndroidRuntime( 1021): VM exiting with result code 11.
E/WVMExtractor(   61): Failed to open libwvm.so
E/WVMExtractor(   61): Failed to open libwvm.so
E/WVMExtractor(   61): Failed to open libwvm.so
E/WVMExtractor(   61): Failed to open libwvm.so
E/WVMExtractor(   61): Failed to open libwvm.so
E/WVMExtractor(   61): Failed to open libwvm.so
E/WVMExtractor(   61): Failed to open libwvm.so
E/WVMExtractor(   61): Failed to open libwvm.so
E/WVMExtractor(   61): Failed to open libwvm.so
E/WVMExtractor(   61): Failed to open libwvm.so
E/WVMExtractor(   61): Failed to open libwvm.so
E/WVMExtractor(   61): Failed to open libwvm.so
E/WVMExtractor(   61): Failed to open libwvm.so
E/WVMExtractor(   61): Failed to open libwvm.so
E/WVMExtractor(   61): Failed to open libwvm.so
E/WVMExtractor(   61): Failed to open libwvm.so
E/WVMExtractor(   61): Failed to open libwvm.so
E/WVMExtractor(   61): Failed to open libwvm.so
E/WVMExtractor(   61): Failed to open libwvm.so
E/WVMExtractor(   61): Failed to open libwvm.so
E/WVMExtractor(   61): Failed to open libwvm.so
E/WVMExtractor(   61): Failed to open libwvm.so
E/WVMExtractor(   61): Failed to open libwvm.so
E/WVMExtractor(   61): Failed to open libwvm.so
E/WVMExtractor(   61): Failed to open libwvm.so
E/WVMExtractor(   61): Failed to open libwvm.so
E/WVMExtractor(   61): Failed to open libwvm.so
E/WVMExtractor(   61): Failed to open libwvm.so
E/WVMExtractor(   61): Failed to open libwvm.so
E/WVMExtractor(   61): Failed to open libwvm.so
E/WVMExtractor(   61): Failed to open libwvm.so
E/WVMExtractor(   61): Failed to open libwvm.so
E/WVMExtractor(   61): Failed to open libwvm.so
E/WVMExtractor(   61): Failed to open libwvm.so
E/WVMExtractor(   61): Failed to open libwvm.so
E/WVMExtractor(   61): Failed to open libwvm.so
E/WVMExtractor(   61): Failed to open libwvm.so
E/WVMExtractor(   61): Failed to open libwvm.so
E/WVMExtractor(   61): Failed to open libwvm.so
W/BackupManagerService(  236): dataChanged but no participant pkg='com.android.providers.settings' uid=10011
E/MetadataRetrieverClient(   61): failed to extract an album art
E/WVMExtractor(   61): Failed to open libwvm.so
E/WVMExtractor(   61): Failed to open libwvm.so
E/WVMExtractor(   61): Failed to open libwvm.so
E/WVMExtractor(   61): Failed to open libwvm.so
E/WVMExtractor(   61): Failed to open libwvm.so
E/WVMExtractor(   61): Failed to open libwvm.so
E/WVMExtractor(   61): Failed to open libwvm.so
E/WVMExtractor(   61): Failed to open libwvm.so
E/WVMExtractor(   61): Failed to open libwvm.so
E/WVMExtractor(   61): Failed to open libwvm.so
E/WVMExtractor(   61): Failed to open libwvm.so
E/WVMExtractor(   61): Failed to open libwvm.so
E/WVMExtractor(   61): Failed to open libwvm.so
E/WVMExtractor(   61): Failed to open libwvm.so
E/WVMExtractor(   61): Failed to open libwvm.so
E/WVMExtractor(   61): Failed to open libwvm.so
E/WVMExtractor(   61): Failed to open libwvm.so
E/WVMExtractor(   61): Failed to open libwvm.so
E/WVMExtractor(   61): Failed to open libwvm.so
E/WVMExtractor(   61): Failed to open libwvm.so
E/WVMExtractor(   61): Failed to open libwvm.so
E/WVMExtractor(   61): Failed to open libwvm.so
E/WVMExtractor(   61): Failed to open libwvm.so
E/WVMExtractor(   61): Failed to open libwvm.so
E/WVMExtractor(   61): Failed to open libwvm.so
E/WVMExtractor(   61): Failed to open libwvm.so
E/WVMExtractor(   61): Failed to open libwvm.so
E/WVMExtractor(   61): Failed to open libwvm.so
E/WVMExtractor(   61): Failed to open libwvm.so
E/WVMExtractor(   61): Failed to open libwvm.so
E/WVMExtractor(   61): Failed to open libwvm.so
E/WVMExtractor(   61): Failed to open libwvm.so
E/WVMExtractor(   61): Failed to open libwvm.so
E/WVMExtractor(   61): Failed to open libwvm.so
E/WVMExtractor(   61): Failed to open libwvm.so
E/WVMExtractor(   61): Failed to open libwvm.so
E/WVMExtractor(   61): Failed to open libwvm.so
E/WVMExtractor(   61): Failed to open libwvm.so
E/WVMExtractor(   61): Failed to open libwvm.so
E/MetadataRetrieverClient(   61): failed to extract an album art
E/WVMExtractor(   61): Failed to open libwvm.so
E/MetadataRetrieverClient(   61): failed to extract an album art
I/ActivityManager(  236): No longer want com.android.contacts (pid 706): hidden #16
